Dec 30 07:31:46 ip-172-31-23-94 kernel: Linux version 4.14.256-197.484.amzn2.x86_64 (mockbuild@ip-10-0-37-156) (gcc version 7.3.1 20180712 (Red Hat 7.3.1-13) (GCC)) #1 SMP Tue Nov 30 00:17:50 UTC 2021
Dec 30 07:31:46 ip-172-31-23-94 kernel: Command line: BOOT_IMAGE=/boot/vmlinuz-4.14.256-197.484.amzn2.x86_64 root=UUID=6dcccc16-8e71-4e1e-8c24-3ab014ae1f53 ro console=tty0 console=ttyS0,115200n8 net.ifnames=0 biosdevname=0 nvme_core.io_timeout=4294967295 rd.emergency=poweroff rd.shell=0 LANG=en_US.UTF-8 KEYTABLE=us
Dec 30 07:31:46 ip-172-31-23-94 kernel: x86/fpu: Supporting XSAVE feature 0x001: 'x87 floating point registers'
Dec 30 07:31:46 ip-172-31-23-94 kernel: x86/fpu: Supporting XSAVE feature 0x002: 'SSE registers'
Dec 30 07:31:46 ip-172-31-23-94 kernel: x86/fpu: Supporting XSAVE feature 0x004: 'AVX registers'
Dec 30 07:31:46 ip-172-31-23-94 kernel: x86/fpu: xstate_offset[2]:  576, xstate_sizes[2]:  256
Dec 30 07:31:46 ip-172-31-23-94 kernel: x86/fpu: Enabled xstate features 0x7, context size is 832 bytes, using 'standard' format.
Dec 30 07:31:46 ip-172-31-23-94 kernel: e820: BIOS-provided physical RAM map:
Dec 30 07:31:46 ip-172-31-23-94 kernel: BIOS-e820: [mem 0x0000000000000000-0x000000000009dfff] usable
Dec 30 07:31:46 ip-172-31-23-94 kernel: BIOS-e820: [mem 0x000000000009e000-0x000000000009ffff] reserved
Dec 30 07:31:46 ip-172-31-23-94 kernel: BIOS-e820: [mem 0x00000000000e0000-0x00000000000fffff] reserved
Dec 30 07:31:46 ip-172-31-23-94 kernel: BIOS-e820: [mem 0x0000000000100000-0x000000003fffffff] usable
Dec 30 07:31:46 ip-172-31-23-94 kernel: BIOS-e820: [mem 0x00000000fc000000-0x00000000ffffffff] reserved
Dec 30 07:31:46 ip-172-31-23-94 kernel: NX (Execute Disable) protection: active
Dec 30 07:31:46 ip-172-31-23-94 kernel: SMBIOS 2.7 present.
Dec 30 07:31:46 ip-172-31-23-94 kernel: DMI: Xen HVM domU, BIOS 4.11.amazon 08/24/2006
Dec 30 07:31:46 ip-172-31-23-94 kernel: Hypervisor detected: Xen HVM
Dec 30 07:31:46 ip-172-31-23-94 kernel: Xen version 4.11.
Dec 30 07:31:46 ip-172-31-23-94 kernel: Netfront and the Xen platform PCI driver have been compiled for this kernel: unplug emulated NICs.
Dec 30 07:31:46 ip-172-31-23-94 kernel: Blkfront and the Xen platform PCI driver have been compiled for this kernel: unplug emulated disks.#012You might have to change the root device#012from /dev/hd[a-d] to /dev/xvd[a-d]#012in your root= kernel command line option
Dec 30 07:31:46 ip-172-31-23-94 kernel: tsc: Fast TSC calibration using PIT
Dec 30 07:31:46 ip-172-31-23-94 kernel: e820: last_pfn = 0x40000 max_arch_pfn = 0x400000000
Dec 30 07:31:46 ip-172-31-23-94 kernel: x86/PAT: Configuration [0-7]: WB  WC  UC- UC  WB  WP  UC- WT  
Dec 30 07:31:46 ip-172-31-23-94 kernel: found SMP MP-table at [mem 0x000fb9a0-0x000fb9af]
Dec 30 07:31:46 ip-172-31-23-94 kernel: Scanning 1 areas for low memory corruption
Dec 30 07:31:46 ip-172-31-23-94 kernel: RAMDISK: [mem 0x36bd9000-0x375e3fff]
Dec 30 07:31:46 ip-172-31-23-94 kernel: ACPI: Early table checksum verification disabled
Dec 30 07:31:46 ip-172-31-23-94 kernel: ACPI: RSDP 0x00000000000EA020 000024 (v02 Xen   )
Dec 30 07:31:46 ip-172-31-23-94 kernel: ACPI: XSDT 0x00000000FC00C780 000054 (v01 Xen    HVM      00000000 HVML 00000000)
Dec 30 07:31:46 ip-172-31-23-94 kernel: ACPI: FACP 0x00000000FC00C440 0000F4 (v04 Xen    HVM      00000000 HVML 00000000)
Dec 30 07:31:46 ip-172-31-23-94 kernel: ACPI: DSDT 0x00000000FC003940 008A7E (v02 Xen    HVM      00000000 INTL 20090123)
Dec 30 07:31:46 ip-172-31-23-94 kernel: ACPI: FACS 0x00000000FC003900 000040
Dec 30 07:31:46 ip-172-31-23-94 kernel: ACPI: FACS 0x00000000FC003900 000040
Dec 30 07:31:46 ip-172-31-23-94 kernel: ACPI: APIC 0x00000000FC00C540 0000D8 (v02 Xen    HVM      00000000 HVML 00000000)
Dec 30 07:31:46 ip-172-31-23-94 kernel: ACPI: HPET 0x00000000FC00C690 000038 (v01 Xen    HVM      00000000 HVML 00000000)
Dec 30 07:31:46 ip-172-31-23-94 kernel: ACPI: WAET 0x00000000FC00C6D0 000028 (v01 Xen    HVM      00000000 HVML 00000000)
Dec 30 07:31:46 ip-172-31-23-94 kernel: ACPI: SSDT 0x00000000FC00C700 000031 (v02 Xen    HVM      00000000 INTL 20090123)
Dec 30 07:31:46 ip-172-31-23-94 kernel: ACPI: SSDT 0x00000000FC00C740 000033 (v02 Xen    HVM      00000000 INTL 20090123)
Dec 30 07:31:46 ip-172-31-23-94 kernel: ACPI: Reserving FACP table memory at [mem 0xfc00c440-0xfc00c533]
Dec 30 07:31:46 ip-172-31-23-94 kernel: ACPI: Reserving DSDT table memory at [mem 0xfc003940-0xfc00c3bd]
Dec 30 07:31:46 ip-172-31-23-94 kernel: ACPI: Reserving FACS table memory at [mem 0xfc003900-0xfc00393f]
Dec 30 07:31:46 ip-172-31-23-94 kernel: ACPI: Reserving FACS table memory at [mem 0xfc003900-0xfc00393f]
Dec 30 07:31:46 ip-172-31-23-94 kernel: ACPI: Reserving APIC table memory at [mem 0xfc00c540-0xfc00c617]
Dec 30 07:31:46 ip-172-31-23-94 kernel: ACPI: Reserving HPET table memory at [mem 0xfc00c690-0xfc00c6c7]
Dec 30 07:31:46 ip-172-31-23-94 kernel: ACPI: Reserving WAET table memory at [mem 0xfc00c6d0-0xfc00c6f7]
Dec 30 07:31:46 ip-172-31-23-94 kernel: ACPI: Reserving SSDT table memory at [mem 0xfc00c700-0xfc00c730]
Dec 30 07:31:46 ip-172-31-23-94 kernel: ACPI: Reserving SSDT table memory at [mem 0xfc00c740-0xfc00c772]
Dec 30 07:31:46 ip-172-31-23-94 kernel: No NUMA configuration found
Dec 30 07:31:46 ip-172-31-23-94 kernel: Faking a node at [mem 0x0000000000000000-0x000000003fffffff]
Dec 30 07:31:46 ip-172-31-23-94 kernel: NODE_DATA(0) allocated [mem 0x3ffde000-0x3fffffff]
Dec 30 07:31:46 ip-172-31-23-94 kernel: Zone ranges:
Dec 30 07:31:46 ip-172-31-23-94 kernel:  DMA      [mem 0x0000000000001000-0x0000000000ffffff]
Dec 30 07:31:46 ip-172-31-23-94 kernel:  DMA32    [mem 0x0000000001000000-0x000000003fffffff]
Dec 30 07:31:46 ip-172-31-23-94 kernel:  Normal   empty
Dec 30 07:31:46 ip-172-31-23-94 kernel: Movable zone start for each node
Dec 30 07:31:46 ip-172-31-23-94 kernel: Early memory node ranges
Dec 30 07:31:46 ip-172-31-23-94 kernel:  node   0: [mem 0x0000000000001000-0x000000000009dfff]
Dec 30 07:31:46 ip-172-31-23-94 kernel:  node   0: [mem 0x0000000000100000-0x000000003fffffff]
Dec 30 07:31:46 ip-172-31-23-94 kernel: Initmem setup node 0 [mem 0x0000000000001000-0x000000003fffffff]
Dec 30 07:31:46 ip-172-31-23-94 kernel: ACPI: PM-Timer IO Port: 0xb008
Dec 30 07:31:46 ip-172-31-23-94 kernel: IOAPIC[0]: apic_id 1, version 17, address 0xfec00000, GSI 0-47
Dec 30 07:31:46 ip-172-31-23-94 kernel: ACPI: INT_SRC_OVR (bus 0 bus_irq 0 global_irq 2 dfl dfl)
Dec 30 07:31:46 ip-172-31-23-94 kernel: ACPI: INT_SRC_OVR (bus 0 bus_irq 5 global_irq 5 low level)
Dec 30 07:31:46 ip-172-31-23-94 kernel: ACPI: INT_SRC_OVR (bus 0 bus_irq 10 global_irq 10 low level)
Dec 30 07:31:46 ip-172-31-23-94 kernel: ACPI: INT_SRC_OVR (bus 0 bus_irq 11 global_irq 11 low level)
Dec 30 07:31:46 ip-172-31-23-94 kernel: Using ACPI (MADT) for SMP configuration information
Dec 30 07:31:46 ip-172-31-23-94 kernel: ACPI: HPET id: 0x8086a201 base: 0xfed00000
Dec 30 07:31:46 ip-172-31-23-94 kernel: TSC deadline timer available
Dec 30 07:31:46 ip-172-31-23-94 kernel: smpboot: Allowing 15 CPUs, 14 hotplug CPUs
Dec 30 07:31:46 ip-172-31-23-94 kernel: PM: Registered nosave memory: [mem 0x00000000-0x00000fff]
Dec 30 07:31:46 ip-172-31-23-94 kernel: PM: Registered nosave memory: [mem 0x0009e000-0x0009ffff]
Dec 30 07:31:46 ip-172-31-23-94 kernel: PM: Registered nosave memory: [mem 0x000a0000-0x000dffff]
Dec 30 07:31:46 ip-172-31-23-94 kernel: PM: Registered nosave memory: [mem 0x000e0000-0x000fffff]
Dec 30 07:31:46 ip-172-31-23-94 kernel: e820: [mem 0x40000000-0xfbffffff] available for PCI devices
Dec 30 07:31:46 ip-172-31-23-94 kernel: Booting paravirtualized kernel on Xen HVM
Dec 30 07:31:46 ip-172-31-23-94 kernel: clocksource: refined-jiffies: mask: 0xffffffff max_cycles: 0xffffffff, max_idle_ns: 7645519600211568 ns
Dec 30 07:31:46 ip-172-31-23-94 kernel: random: get_random_bytes called from start_kernel+0x94/0x4eb with crng_init=0
Dec 30 07:31:46 ip-172-31-23-94 kernel: setup_percpu: NR_CPUS:8192 nr_cpumask_bits:15 nr_cpu_ids:15 nr_node_ids:1
Dec 30 07:31:46 ip-172-31-23-94 kernel: percpu: Embedded 49 pages/cpu s161560 r8192 d30952 u262144
Dec 30 07:31:46 ip-172-31-23-94 kernel: PV qspinlock hash table entries: 256 (order: 0, 4096 bytes)
Dec 30 07:31:46 ip-172-31-23-94 kernel: Fallback order for Node 0: 0 
Dec 30 07:31:46 ip-172-31-23-94 kernel: Built 1 zonelists, mobility grouping on.  Total pages: 257928
Dec 30 07:31:46 ip-172-31-23-94 kernel: Policy zone: DMA32
Dec 30 07:31:46 ip-172-31-23-94 kernel: Kernel command line: BOOT_IMAGE=/boot/vmlinuz-4.14.256-197.484.amzn2.x86_64 root=UUID=6dcccc16-8e71-4e1e-8c24-3ab014ae1f53 ro console=tty0 console=ttyS0,115200n8 net.ifnames=0 biosdevname=0 nvme_core.io_timeout=4294967295 rd.emergency=poweroff rd.shell=0 LANG=en_US.UTF-8 KEYTABLE=us
Dec 30 07:31:46 ip-172-31-23-94 kernel: PID hash table entries: 4096 (order: 3, 32768 bytes)
Dec 30 07:31:46 ip-172-31-23-94 kernel: Memory: 990252K/1048180K available (10252K kernel code, 2149K rwdata, 3036K rodata, 2216K init, 4244K bss, 57928K reserved, 0K cma-reserved)
Dec 30 07:31:46 ip-172-31-23-94 kernel: SLUB: HWalign=64, Order=0-3, MinObjects=0, CPUs=15, Nodes=1
Dec 30 07:31:46 ip-172-31-23-94 kernel: Kernel/User page tables isolation: enabled
Dec 30 07:31:46 ip-172-31-23-94 kernel: ftrace: allocating 30142 entries in 118 pages
Dec 30 07:31:46 ip-172-31-23-94 kernel: Hierarchical RCU implementation.
Dec 30 07:31:46 ip-172-31-23-94 kernel: #011RCU restricting CPUs from NR_CPUS=8192 to nr_cpu_ids=15.
Dec 30 07:31:46 ip-172-31-23-94 kernel: RCU: Adjusting geometry for rcu_fanout_leaf=16, nr_cpu_ids=15
Dec 30 07:31:46 ip-172-31-23-94 kernel: NR_IRQS: 524544, nr_irqs: 952, preallocated irqs: 16
Dec 30 07:31:46 ip-172-31-23-94 kernel: xen:events: Using 2-level ABI
Dec 30 07:31:46 ip-172-31-23-94 kernel: xen:events: Xen HVM callback vector for event delivery is enabled
Dec 30 07:31:46 ip-172-31-23-94 kernel: Console: colour VGA+ 80x25
Dec 30 07:31:46 ip-172-31-23-94 kernel: console [tty0] enabled
Dec 30 07:31:46 ip-172-31-23-94 kernel: Cannot get hvm parameter CONSOLE_EVTCHN (18): -22!
Dec 30 07:31:46 ip-172-31-23-94 kernel: console [ttyS0] enabled
Dec 30 07:31:46 ip-172-31-23-94 kernel: clocksource: hpet: mask: 0xffffffff max_cycles: 0xffffffff, max_idle_ns: 30580167144 ns
Dec 30 07:31:46 ip-172-31-23-94 kernel: tsc: Fast TSC calibration using PIT
Dec 30 07:31:46 ip-172-31-23-94 kernel: tsc: Detected 2400.056 MHz processor
Dec 30 07:31:46 ip-172-31-23-94 kernel: Calibrating delay loop (skipped), value calculated using timer frequency.. 4800.02 BogoMIPS (lpj=9600040)
Dec 30 07:31:46 ip-172-31-23-94 kernel: pid_max: default: 32768 minimum: 301
Dec 30 07:31:46 ip-172-31-23-94 kernel: ACPI: Core revision 20170728
Dec 30 07:31:46 ip-172-31-23-94 kernel: ACPI: 3 ACPI AML tables successfully acquired and loaded
Dec 30 07:31:46 ip-172-31-23-94 kernel: Security Framework initialized
Dec 30 07:31:46 ip-172-31-23-94 kernel: Yama: becoming mindful.
Dec 30 07:31:46 ip-172-31-23-94 kernel: SELinux:  Initializing.
Dec 30 07:31:46 ip-172-31-23-94 kernel: Dentry cache hash table entries: 131072 (order: 8, 1048576 bytes)
Dec 30 07:31:46 ip-172-31-23-94 kernel: Inode-cache hash table entries: 65536 (order: 7, 524288 bytes)
Dec 30 07:31:46 ip-172-31-23-94 kernel: Mount-cache hash table entries: 2048 (order: 2, 16384 bytes)
Dec 30 07:31:46 ip-172-31-23-94 kernel: Mountpoint-cache hash table entries: 2048 (order: 2, 16384 bytes)
Dec 30 07:31:46 ip-172-31-23-94 kernel: Last level iTLB entries: 4KB 1024, 2MB 1024, 4MB 1024
Dec 30 07:31:46 ip-172-31-23-94 kernel: Last level dTLB entries: 4KB 1024, 2MB 1024, 4MB 1024, 1GB 4
Dec 30 07:31:46 ip-172-31-23-94 kernel: Spectre V1 : Mitigation: usercopy/swapgs barriers and __user pointer sanitization
Dec 30 07:31:46 ip-172-31-23-94 kernel: Spectre V2 : Mitigation: Full generic retpoline
Dec 30 07:31:46 ip-172-31-23-94 kernel: Spectre V2 : Spectre v2 / SpectreRSB mitigation: Filling RSB on context switch
Dec 30 07:31:46 ip-172-31-23-94 kernel: Speculative Store Bypass: Vulnerable
Dec 30 07:31:46 ip-172-31-23-94 kernel: MDS: Vulnerable: Clear CPU buffers attempted, no microcode
Dec 30 07:31:46 ip-172-31-23-94 kernel: smpboot: Max logical packages: 15
Dec 30 07:31:46 ip-172-31-23-94 kernel: x2apic: IRQ remapping doesn't support X2APIC mode
Dec 30 07:31:46 ip-172-31-23-94 kernel: Switched APIC routing to physical flat.
Dec 30 07:31:46 ip-172-31-23-94 kernel: ..TIMER: vector=0x30 apic1=0 pin1=2 apic2=0 pin2=0
Dec 30 07:31:46 ip-172-31-23-94 kernel: clocksource: xen: mask: 0xffffffffffffffff max_cycles: 0x1cd42e4dffb, max_idle_ns: 881590591483 ns
Dec 30 07:31:46 ip-172-31-23-94 kernel: installing Xen timer for CPU 0
Dec 30 07:31:46 ip-172-31-23-94 kernel: smpboot: CPU0: Intel(R) Xeon(R) CPU E5-2676 v3 @ 2.40GHz (family: 0x6, model: 0x3f, stepping: 0x2)
Dec 30 07:31:46 ip-172-31-23-94 kernel: cpu 0 spinlock event irq 53
Dec 30 07:31:46 ip-172-31-23-94 kernel: Performance Events: unsupported p6 CPU model 63 no PMU driver, software events only.
Dec 30 07:31:46 ip-172-31-23-94 kernel: Hierarchical SRCU implementation.
Dec 30 07:31:46 ip-172-31-23-94 kernel: NMI watchdog: Perf event create on CPU 0 failed with -2
Dec 30 07:31:46 ip-172-31-23-94 kernel: NMI watchdog: Perf NMI watchdog permanently disabled
Dec 30 07:31:46 ip-172-31-23-94 kernel: smp: Bringing up secondary CPUs ...
Dec 30 07:31:46 ip-172-31-23-94 kernel: smp: Brought up 1 node, 1 CPU
Dec 30 07:31:46 ip-172-31-23-94 kernel: smpboot: Total of 1 processors activated (4800.02 BogoMIPS)
Dec 30 07:31:46 ip-172-31-23-94 kernel: devtmpfs: initialized
Dec 30 07:31:46 ip-172-31-23-94 kernel: x86/mm: Memory block size: 128MB
Dec 30 07:31:46 ip-172-31-23-94 kernel: clocksource: jiffies: mask: 0xffffffff max_cycles: 0xffffffff, max_idle_ns: 7645041785100000 ns
Dec 30 07:31:46 ip-172-31-23-94 kernel: futex hash table entries: 4096 (order: 6, 262144 bytes)
Dec 30 07:31:46 ip-172-31-23-94 kernel: NET: Registered protocol family 16
Dec 30 07:31:46 ip-172-31-23-94 kernel: cpuidle: using governor ladder
Dec 30 07:31:46 ip-172-31-23-94 kernel: cpuidle: using governor menu
Dec 30 07:31:46 ip-172-31-23-94 kernel: ACPI: bus type PCI registered
Dec 30 07:31:46 ip-172-31-23-94 kernel: acpiphp: ACPI Hot Plug PCI Controller Driver version: 0.5
Dec 30 07:31:46 ip-172-31-23-94 kernel: PCI: Using configuration type 1 for base access
Dec 30 07:31:46 ip-172-31-23-94 kernel: HugeTLB registered 2.00 MiB page size, pre-allocated 0 pages
Dec 30 07:31:46 ip-172-31-23-94 kernel: ACPI: Added _OSI(Module Device)
Dec 30 07:31:46 ip-172-31-23-94 kernel: ACPI: Added _OSI(Processor Device)
Dec 30 07:31:46 ip-172-31-23-94 kernel: ACPI: Added _OSI(3.0 _SCP Extensions)
Dec 30 07:31:46 ip-172-31-23-94 kernel: ACPI: Added _OSI(Processor Aggregator Device)
Dec 30 07:31:46 ip-172-31-23-94 kernel: ACPI: Interpreter enabled
Dec 30 07:31:46 ip-172-31-23-94 kernel: ACPI: (supports S0 S4 S5)
Dec 30 07:31:46 ip-172-31-23-94 kernel: ACPI: Using IOAPIC for interrupt routing
Dec 30 07:31:46 ip-172-31-23-94 kernel: PCI: Using host bridge windows from ACPI; if necessary, use "pci=nocrs" and report a bug
Dec 30 07:31:46 ip-172-31-23-94 kernel: ACPI: Enabled 2 GPEs in block 00 to 0F
Dec 30 07:31:46 ip-172-31-23-94 kernel: ACPI: PCI Root Bridge [PCI0] (domain 0000 [bus 00-ff])
Dec 30 07:31:46 ip-172-31-23-94 kernel: acpi PNP0A03:00: _OSC: OS supports [ASPM ClockPM Segments MSI]
Dec 30 07:31:46 ip-172-31-23-94 kernel: acpi PNP0A03:00: _OSC failed (AE_NOT_FOUND); disabling ASPM
Dec 30 07:31:46 ip-172-31-23-94 kernel: acpi PNP0A03:00: fail to add MMCONFIG information, can't access extended PCI configuration space under this bridge.
Dec 30 07:31:46 ip-172-31-23-94 kernel: acpiphp: Slot [0] registered
Dec 30 07:31:46 ip-172-31-23-94 kernel: acpiphp: Slot [3] registered
Dec 30 07:31:46 ip-172-31-23-94 kernel: acpiphp: Slot [4] registered
Dec 30 07:31:46 ip-172-31-23-94 kernel: acpiphp: Slot [5] registered
Dec 30 07:31:46 ip-172-31-23-94 kernel: acpiphp: Slot [6] registered
Dec 30 07:31:46 ip-172-31-23-94 kernel: acpiphp: Slot [7] registered
Dec 30 07:31:46 ip-172-31-23-94 kernel: acpiphp: Slot [8] registered
Dec 30 07:31:46 ip-172-31-23-94 kernel: acpiphp: Slot [9] registered
Dec 30 07:31:46 ip-172-31-23-94 kernel: acpiphp: Slot [10] registered
Dec 30 07:31:46 ip-172-31-23-94 kernel: acpiphp: Slot [11] registered
Dec 30 07:31:46 ip-172-31-23-94 kernel: acpiphp: Slot [12] registered
Dec 30 07:31:46 ip-172-31-23-94 kernel: acpiphp: Slot [13] registered
Dec 30 07:31:46 ip-172-31-23-94 kernel: acpiphp: Slot [14] registered
Dec 30 07:31:46 ip-172-31-23-94 kernel: acpiphp: Slot [15] registered
Dec 30 07:31:46 ip-172-31-23-94 kernel: acpiphp: Slot [16] registered
Dec 30 07:31:46 ip-172-31-23-94 kernel: acpiphp: Slot [17] registered
Dec 30 07:31:46 ip-172-31-23-94 kernel: acpiphp: Slot [18] registered
Dec 30 07:31:46 ip-172-31-23-94 kernel: acpiphp: Slot [19] registered
Dec 30 07:31:46 ip-172-31-23-94 kernel: acpiphp: Slot [20] registered
Dec 30 07:31:46 ip-172-31-23-94 kernel: acpiphp: Slot [21] registered
Dec 30 07:31:46 ip-172-31-23-94 kernel: acpiphp: Slot [22] registered
Dec 30 07:31:46 ip-172-31-23-94 kernel: acpiphp: Slot [23] registered
Dec 30 07:31:46 ip-172-31-23-94 kernel: acpiphp: Slot [24] registered
Dec 30 07:31:46 ip-172-31-23-94 kernel: acpiphp: Slot [25] registered
Dec 30 07:31:46 ip-172-31-23-94 kernel: acpiphp: Slot [26] registered
Dec 30 07:31:46 ip-172-31-23-94 kernel: acpiphp: Slot [27] registered
Dec 30 07:31:46 ip-172-31-23-94 kernel: acpiphp: Slot [28] registered
Dec 30 07:31:46 ip-172-31-23-94 kernel: acpiphp: Slot [29] registered
Dec 30 07:31:46 ip-172-31-23-94 kernel: acpiphp: Slot [30] registered
Dec 30 07:31:46 ip-172-31-23-94 kernel: acpiphp: Slot [31] registered
Dec 30 07:31:46 ip-172-31-23-94 kernel: PCI host bridge to bus 0000:00
Dec 30 07:31:46 ip-172-31-23-94 kernel: pci_bus 0000:00: root bus resource [io  0x0000-0x0cf7 window]
Dec 30 07:31:46 ip-172-31-23-94 kernel: pci_bus 0000:00: root bus resource [io  0x0d00-0xffff window]
Dec 30 07:31:46 ip-172-31-23-94 kernel: pci_bus 0000:00: root bus resource [mem 0x000a0000-0x000bffff window]
Dec 30 07:31:46 ip-172-31-23-94 kernel: pci_bus 0000:00: root bus resource [mem 0xf0000000-0xfbffffff window]
Dec 30 07:31:46 ip-172-31-23-94 kernel: pci_bus 0000:00: root bus resource [bus 00-ff]
Dec 30 07:31:46 ip-172-31-23-94 kernel: pci 0000:00:01.1: legacy IDE quirk: reg 0x10: [io  0x01f0-0x01f7]
Dec 30 07:31:46 ip-172-31-23-94 kernel: pci 0000:00:01.1: legacy IDE quirk: reg 0x14: [io  0x03f6]
Dec 30 07:31:46 ip-172-31-23-94 kernel: pci 0000:00:01.1: legacy IDE quirk: reg 0x18: [io  0x0170-0x0177]
Dec 30 07:31:46 ip-172-31-23-94 kernel: pci 0000:00:01.1: legacy IDE quirk: reg 0x1c: [io  0x0376]
Dec 30 07:31:46 ip-172-31-23-94 kernel: * Found PM-Timer Bug on the chipset. Due to workarounds for a bug,#012* this clock source is slow. Consider trying other clock sources
Dec 30 07:31:46 ip-172-31-23-94 kernel: pci 0000:00:01.3: quirk: [io  0xb000-0xb03f] claimed by PIIX4 ACPI
Dec 30 07:31:46 ip-172-31-23-94 kernel: ACPI: PCI Interrupt Link [LNKA] (IRQs *5 10 11)
Dec 30 07:31:46 ip-172-31-23-94 kernel: ACPI: PCI Interrupt Link [LNKB] (IRQs 5 *10 11)
Dec 30 07:31:46 ip-172-31-23-94 kernel: ACPI: PCI Interrupt Link [LNKC] (IRQs 5 10 *11)
Dec 30 07:31:46 ip-172-31-23-94 kernel: ACPI: PCI Interrupt Link [LNKD] (IRQs *5 10 11)
Dec 30 07:31:46 ip-172-31-23-94 kernel: xen:balloon: Initialising balloon driver
Dec 30 07:31:46 ip-172-31-23-94 kernel: pci 0000:00:02.0: vgaarb: setting as boot VGA device
Dec 30 07:31:46 ip-172-31-23-94 kernel: pci 0000:00:02.0: vgaarb: VGA device added: decodes=io+mem,owns=io+mem,locks=none
Dec 30 07:31:46 ip-172-31-23-94 kernel: pci 0000:00:02.0: vgaarb: bridge control possible
Dec 30 07:31:46 ip-172-31-23-94 kernel: vgaarb: loaded
Dec 30 07:31:46 ip-172-31-23-94 kernel: EDAC MC: Ver: 3.0.0
Dec 30 07:31:46 ip-172-31-23-94 kernel: PCI: Using ACPI for IRQ routing
Dec 30 07:31:46 ip-172-31-23-94 kernel: NetLabel: Initializing
Dec 30 07:31:46 ip-172-31-23-94 kernel: NetLabel:  domain hash size = 128
Dec 30 07:31:46 ip-172-31-23-94 kernel: NetLabel:  protocols = UNLABELED CIPSOv4 CALIPSO
Dec 30 07:31:46 ip-172-31-23-94 kernel: NetLabel:  unlabeled traffic allowed by default
Dec 30 07:31:46 ip-172-31-23-94 kernel: HPET: 3 timers in total, 0 timers will be used for per-cpu timer
Dec 30 07:31:46 ip-172-31-23-94 kernel: hpet0: at MMIO 0xfed00000, IRQs 2, 8, 0
Dec 30 07:31:46 ip-172-31-23-94 kernel: hpet0: 3 comparators, 64-bit 62.500000 MHz counter
Dec 30 07:31:46 ip-172-31-23-94 kernel: clocksource: Switched to clocksource xen
Dec 30 07:31:46 ip-172-31-23-94 kernel: VFS: Disk quotas dquot_6.6.0
Dec 30 07:31:46 ip-172-31-23-94 kernel: VFS: Dquot-cache hash table entries: 512 (order 0, 4096 bytes)
Dec 30 07:31:46 ip-172-31-23-94 kernel: pnp: PnP ACPI init
Dec 30 07:31:46 ip-172-31-23-94 kernel: system 00:00: [mem 0x00000000-0x0009ffff] could not be reserved
Dec 30 07:31:46 ip-172-31-23-94 kernel: system 00:01: [io  0x08a0-0x08a3] has been reserved
Dec 30 07:31:46 ip-172-31-23-94 kernel: system 00:01: [io  0x0cc0-0x0ccf] has been reserved
Dec 30 07:31:46 ip-172-31-23-94 kernel: system 00:01: [io  0x04d0-0x04d1] has been reserved
Dec 30 07:31:46 ip-172-31-23-94 kernel: system 00:07: [io  0x10c0-0x1141] has been reserved
Dec 30 07:31:46 ip-172-31-23-94 kernel: system 00:07: [io  0xb044-0xb047] has been reserved
Dec 30 07:31:46 ip-172-31-23-94 kernel: pnp: PnP ACPI: found 8 devices
Dec 30 07:31:46 ip-172-31-23-94 kernel: clocksource: acpi_pm: mask: 0xffffff max_cycles: 0xffffff, max_idle_ns: 2085701024 ns
Dec 30 07:31:46 ip-172-31-23-94 kernel: NET: Registered protocol family 2
Dec 30 07:31:46 ip-172-31-23-94 kernel: IP idents hash table entries: 16384 (order: 5, 131072 bytes)
Dec 30 07:31:46 ip-172-31-23-94 kernel: TCP established hash table entries: 8192 (order: 4, 65536 bytes)
Dec 30 07:31:46 ip-172-31-23-94 kernel: TCP bind hash table entries: 8192 (order: 5, 131072 bytes)
Dec 30 07:31:46 ip-172-31-23-94 kernel: TCP: Hash tables configured (established 8192 bind 8192)
Dec 30 07:31:46 ip-172-31-23-94 kernel: UDP hash table entries: 512 (order: 2, 16384 bytes)
Dec 30 07:31:46 ip-172-31-23-94 kernel: UDP-Lite hash table entries: 512 (order: 2, 16384 bytes)
Dec 30 07:31:46 ip-172-31-23-94 kernel: NET: Registered protocol family 1
Dec 30 07:31:46 ip-172-31-23-94 kernel: pci 0000:00:00.0: Limiting direct PCI/PCI transfers
Dec 30 07:31:46 ip-172-31-23-94 kernel: pci 0000:00:01.0: PIIX3: Enabling Passive Release
Dec 30 07:31:46 ip-172-31-23-94 kernel: pci 0000:00:01.0: Activating ISA DMA hang workarounds
Dec 30 07:31:46 ip-172-31-23-94 kernel: pci 0000:00:02.0: Video device with shadowed ROM at [mem 0x000c0000-0x000dffff]
Dec 30 07:31:46 ip-172-31-23-94 kernel: Unpacking initramfs...
Dec 30 07:31:46 ip-172-31-23-94 kernel: Freeing initrd memory: 10284K
Dec 30 07:31:46 ip-172-31-23-94 kernel: Scanning for low memory corruption every 60 seconds
Dec 30 07:31:46 ip-172-31-23-94 kernel: audit: initializing netlink subsys (disabled)
Dec 30 07:31:46 ip-172-31-23-94 kernel: Initialise system trusted keyrings
Dec 30 07:31:46 ip-172-31-23-94 kernel: Key type blacklist registered
Dec 30 07:31:46 ip-172-31-23-94 kernel: audit: type=2000 audit(1640849505.606:1): state=initialized audit_enabled=0 res=1
Dec 30 07:31:46 ip-172-31-23-94 kernel: workingset: timestamp_bits=36 max_order=18 bucket_order=0
Dec 30 07:31:46 ip-172-31-23-94 kernel: zbud: loaded
Dec 30 07:31:46 ip-172-31-23-94 kernel: SGI XFS with ACLs, security attributes, no debug enabled
Dec 30 07:31:46 ip-172-31-23-94 kernel: Key type asymmetric registered
Dec 30 07:31:46 ip-172-31-23-94 kernel: Asymmetric key parser 'x509' registered
Dec 30 07:31:46 ip-172-31-23-94 kernel: Block layer SCSI generic (bsg) driver version 0.4 loaded (major 251)
Dec 30 07:31:46 ip-172-31-23-94 kernel: io scheduler noop registered (default)
Dec 30 07:31:46 ip-172-31-23-94 kernel: io scheduler cfq registered
Dec 30 07:31:46 ip-172-31-23-94 kernel: crc32: CRC_LE_BITS = 64, CRC_BE BITS = 64
Dec 30 07:31:46 ip-172-31-23-94 kernel: crc32: self tests passed, processed 225944 bytes in 161655 nsec
Dec 30 07:31:46 ip-172-31-23-94 kernel: crc32c: CRC_LE_BITS = 64
Dec 30 07:31:46 ip-172-31-23-94 kernel: crc32c: self tests passed, processed 225944 bytes in 80979 nsec
Dec 30 07:31:46 ip-172-31-23-94 kernel: crc32_combine: 8373 self tests passed
Dec 30 07:31:46 ip-172-31-23-94 kernel: crc32c_combine: 8373 self tests passed
Dec 30 07:31:46 ip-172-31-23-94 kernel: random: fast init done
Dec 30 07:31:46 ip-172-31-23-94 kernel: xen:grant_table: Grant tables using version 1 layout
Dec 30 07:31:46 ip-172-31-23-94 kernel: Grant table initialized
Dec 30 07:31:46 ip-172-31-23-94 kernel: Cannot get hvm parameter CONSOLE_EVTCHN (18): -22!
Dec 30 07:31:46 ip-172-31-23-94 kernel: Serial: 8250/16550 driver, 4 ports, IRQ sharing disabled
Dec 30 07:31:46 ip-172-31-23-94 kernel: 00:06: ttyS0 at I/O 0x3f8 (irq = 4, base_baud = 115200) is a 16550A
Dec 30 07:31:46 ip-172-31-23-94 kernel: xen_netfront: Initialising Xen virtual ethernet driver
Dec 30 07:31:46 ip-172-31-23-94 kernel: i8042: PNP: PS/2 Controller [PNP0303:PS2K,PNP0f13:PS2M] at 0x60,0x64 irq 1,12
Dec 30 07:31:46 ip-172-31-23-94 kernel: serio: i8042 KBD port at 0x60,0x64 irq 1
Dec 30 07:31:46 ip-172-31-23-94 kernel: serio: i8042 AUX port at 0x60,0x64 irq 12
Dec 30 07:31:46 ip-172-31-23-94 kernel: input: AT Translated Set 2 keyboard as /devices/platform/i8042/serio0/input/input0
Dec 30 07:31:46 ip-172-31-23-94 kernel: rtc_cmos 00:02: rtc core: registered rtc_cmos as rtc0
Dec 30 07:31:46 ip-172-31-23-94 kernel: rtc_cmos 00:02: alarms up to one day, 114 bytes nvram, hpet irqs
Dec 30 07:31:46 ip-172-31-23-94 kernel: hidraw: raw HID events driver (C) Jiri Kosina
Dec 30 07:31:46 ip-172-31-23-94 kernel: ip_tables: (C) 2000-2006 Netfilter Core Team
Dec 30 07:31:46 ip-172-31-23-94 kernel: NET: Registered protocol family 10
Dec 30 07:31:46 ip-172-31-23-94 kernel: Segment Routing with IPv6
Dec 30 07:31:46 ip-172-31-23-94 kernel: ip6_tables: (C) 2000-2006 Netfilter Core Team
Dec 30 07:31:46 ip-172-31-23-94 kernel: NET: Registered protocol family 17
Dec 30 07:31:46 ip-172-31-23-94 kernel: mce: Using 2 MCE banks
Dec 30 07:31:46 ip-172-31-23-94 kernel: sched_clock: Marking stable (1246215924, 0)->(2305234326, -1059018402)
Dec 30 07:31:46 ip-172-31-23-94 kernel: registered taskstats version 1
Dec 30 07:31:46 ip-172-31-23-94 kernel: Loading compiled-in X.509 certificates
Dec 30 07:31:46 ip-172-31-23-94 kernel: Loaded X.509 cert 'Build time autogenerated kernel key: 617d5ece61d3296f3702d5488f6ac784c90453e2'
Dec 30 07:31:46 ip-172-31-23-94 kernel: zswap: loaded using pool lzo/zbud
Dec 30 07:31:46 ip-172-31-23-94 kernel: ima: No TPM chip found, activating TPM-bypass! (rc=-19)
Dec 30 07:31:46 ip-172-31-23-94 kernel: ima: Allocated hash algorithm: sha1
Dec 30 07:31:46 ip-172-31-23-94 kernel: xenbus_probe_frontend: Device with no driver: device/vbd/51712
Dec 30 07:31:46 ip-172-31-23-94 kernel: rtc_cmos 00:02: setting system clock to 2021-12-30 07:31:46 UTC (1640849506)
Dec 30 07:31:46 ip-172-31-23-94 kernel: Freeing unused kernel memory: 2216K
Dec 30 07:31:46 ip-172-31-23-94 kernel: Write protecting the kernel read-only data: 16384k
Dec 30 07:31:46 ip-172-31-23-94 kernel: Freeing unused kernel memory: 2016K
Dec 30 07:31:46 ip-172-31-23-94 kernel: Freeing unused kernel memory: 1060K
Dec 30 07:31:46 ip-172-31-23-94 systemd[1]: Inserted module 'autofs4'
Dec 30 07:31:46 ip-172-31-23-94 kernel: random: systemd: uninitialized urandom read (16 bytes read)
Dec 30 07:31:46 ip-172-31-23-94 kernel: random: systemd: uninitialized urandom read (16 bytes read)
Dec 30 07:31:46 ip-172-31-23-94 kernel: random: systemd: uninitialized urandom read (16 bytes read)
Dec 30 07:31:46 ip-172-31-23-94 systemd[1]: systemd 219 running in system mode. (+PAM +AUDIT +SELINUX +IMA -APPARMOR +SMACK +SYSVINIT +UTMP +LIBCRYPTSETUP +GCRYPT +GNUTLS +ACL +XZ +LZ4 -SECCOMP +BLKID +ELFUTILS +KMOD +IDN)
Dec 30 07:31:46 ip-172-31-23-94 systemd[1]: Detected virtualization xen.
Dec 30 07:31:46 ip-172-31-23-94 systemd[1]: Detected architecture x86-64.
Dec 30 07:31:46 ip-172-31-23-94 systemd[1]: Running in initial RAM disk.
Dec 30 07:31:46 ip-172-31-23-94 systemd[1]: No hostname configured.
Dec 30 07:31:46 ip-172-31-23-94 systemd[1]: Set hostname to <localhost>.
Dec 30 07:31:46 ip-172-31-23-94 systemd[1]: Initializing machine ID from random generator.
Dec 30 07:31:46 ip-172-31-23-94 systemd[1]: Started Dispatch Password Requests to Console Directory Watch.
Dec 30 07:31:46 ip-172-31-23-94 systemd[1]: Reached target Timers.
Dec 30 07:31:46 ip-172-31-23-94 systemd[1]: Reached target Local File Systems.
Dec 30 07:31:46 ip-172-31-23-94 journal: Journal started
Dec 30 07:31:46 ip-172-31-23-94 systemd: Started Create list of required static device nodes for the current kernel.
Dec 30 07:31:46 ip-172-31-23-94 systemd: Started Apply Kernel Variables.
Dec 30 07:31:46 ip-172-31-23-94 systemd: Starting Create Static Device Nodes in /dev...
Dec 30 07:31:46 ip-172-31-23-94 systemd: Started Create Static Device Nodes in /dev.
Dec 30 07:31:46 ip-172-31-23-94 systemd: Starting udev Kernel Device Manager...
Dec 30 07:31:46 ip-172-31-23-94 systemd-udevd: starting version 219
Dec 30 07:31:46 ip-172-31-23-94 systemd-udevd: Network interface NamePolicy= disabled on kernel command line, ignoring.
Dec 30 07:31:46 ip-172-31-23-94 systemd: Started udev Kernel Device Manager.
Dec 30 07:31:46 ip-172-31-23-94 systemd: Starting dracut pre-trigger hook...
Dec 30 07:31:46 ip-172-31-23-94 kernel: tsc: Refined TSC clocksource calibration: 2400.008 MHz
Dec 30 07:31:46 ip-172-31-23-94 kernel: clocksource: tsc: mask: 0xffffffffffffffff max_cycles: 0x22983f10a64, max_idle_ns: 440795218721 ns
Dec 30 07:31:46 ip-172-31-23-94 systemd: Started dracut pre-trigger hook.
Dec 30 07:31:46 ip-172-31-23-94 systemd: Starting udev Coldplug all Devices...
Dec 30 07:31:46 ip-172-31-23-94 systemd-udevd: Network interface NamePolicy= disabled on kernel command line, ignoring.
Dec 30 07:31:46 ip-172-31-23-94 systemd: Started udev Coldplug all Devices.
Dec 30 07:31:46 ip-172-31-23-94 systemd: Reached target System Initialization.
Dec 30 07:31:46 ip-172-31-23-94 systemd: Reached target Basic System.
Dec 30 07:31:46 ip-172-31-23-94 systemd: Starting dracut initqueue hook...
Dec 30 07:31:47 ip-172-31-23-94 kernel: Invalid max_queues (4), will use default max: 1.
Dec 30 07:31:47 ip-172-31-23-94 kernel: blkfront: xvda: barrier or flush: disabled; persistent grants: disabled; indirect descriptors: enabled;
Dec 30 07:31:47 ip-172-31-23-94 kernel: xvda: xvda1
Dec 30 07:31:47 ip-172-31-23-94 systemd: Found device /dev/disk/by-uuid/6dcccc16-8e71-4e1e-8c24-3ab014ae1f53.
Dec 30 07:31:47 ip-172-31-23-94 systemd: Starting File System Check on /dev/disk/by-uuid/6dcccc16-8e71-4e1e-8c24-3ab014ae1f53...
Dec 30 07:31:47 ip-172-31-23-94 systemd-fsck: fsck.xfs doesn't exist, not checking file system on /dev/disk/by-uuid/6dcccc16-8e71-4e1e-8c24-3ab014ae1f53
Dec 30 07:31:47 ip-172-31-23-94 systemd: Started File System Check on /dev/disk/by-uuid/6dcccc16-8e71-4e1e-8c24-3ab014ae1f53.
Dec 30 07:31:47 ip-172-31-23-94 systemd: Started dracut initqueue hook.
Dec 30 07:31:47 ip-172-31-23-94 systemd: Reached target Remote File Systems (Pre).
Dec 30 07:31:47 ip-172-31-23-94 systemd: Reached target Remote File Systems.
Dec 30 07:31:47 ip-172-31-23-94 systemd: Mounting /sysroot...
Dec 30 07:31:47 ip-172-31-23-94 kernel: XFS (xvda1): Mounting V5 Filesystem
Dec 30 07:31:47 ip-172-31-23-94 kernel: XFS (xvda1): Ending clean mount
Dec 30 07:31:47 ip-172-31-23-94 systemd: Mounted /sysroot.
Dec 30 07:31:47 ip-172-31-23-94 systemd: Reached target Initrd Root File System.
Dec 30 07:31:47 ip-172-31-23-94 systemd: Starting Reload Configuration from the Real Root...
Dec 30 07:31:47 ip-172-31-23-94 systemd: Reloading.
Dec 30 07:31:47 ip-172-31-23-94 systemd: Started Reload Configuration from the Real Root.
Dec 30 07:31:47 ip-172-31-23-94 systemd: Reached target Initrd File Systems.
Dec 30 07:31:47 ip-172-31-23-94 systemd: Reached target Initrd Default Target.
Dec 30 07:31:47 ip-172-31-23-94 systemd: Starting dracut pre-pivot and cleanup hook...
Dec 30 07:31:47 ip-172-31-23-94 systemd: Started dracut pre-pivot and cleanup hook.
Dec 30 07:31:47 ip-172-31-23-94 systemd: Starting Cleaning Up and Shutting Down Daemons...
Dec 30 07:31:47 ip-172-31-23-94 systemd: Started Cleaning Up and Shutting Down Daemons.
Dec 30 07:31:47 ip-172-31-23-94 systemd: Stopped target Timers.
Dec 30 07:31:47 ip-172-31-23-94 systemd: Stopped dracut pre-pivot and cleanup hook.
Dec 30 07:31:47 ip-172-31-23-94 systemd: Stopped target Remote File Systems.
Dec 30 07:31:47 ip-172-31-23-94 systemd: Stopped target Remote File Systems (Pre).
Dec 30 07:31:47 ip-172-31-23-94 systemd: Stopped dracut initqueue hook.
Dec 30 07:31:47 ip-172-31-23-94 systemd: Stopped target Initrd Default Target.
Dec 30 07:31:47 ip-172-31-23-94 systemd: Stopped target Basic System.
Dec 30 07:31:47 ip-172-31-23-94 systemd: Stopped target Slices.
Dec 30 07:31:47 ip-172-31-23-94 systemd: Stopped target Sockets.
Dec 30 07:31:47 ip-172-31-23-94 systemd: Stopped target System Initialization.
Dec 30 07:31:47 ip-172-31-23-94 systemd: Stopped target Swap.
Dec 30 07:31:47 ip-172-31-23-94 systemd: Stopped Apply Kernel Variables.
Dec 30 07:31:47 ip-172-31-23-94 systemd: Stopped udev Coldplug all Devices.
Dec 30 07:31:47 ip-172-31-23-94 systemd: Stopped dracut pre-trigger hook.
Dec 30 07:31:47 ip-172-31-23-94 systemd: Stopping udev Kernel Device Manager...
Dec 30 07:31:47 ip-172-31-23-94 systemd: Stopped target Local File Systems.
Dec 30 07:31:47 ip-172-31-23-94 systemd: Stopped target Paths.
Dec 30 07:31:47 ip-172-31-23-94 systemd: Stopped Dispatch Password Requests to Console Directory Watch.
Dec 30 07:31:47 ip-172-31-23-94 systemd: Stopped udev Kernel Device Manager.
Dec 30 07:31:47 ip-172-31-23-94 systemd: Stopped Create Static Device Nodes in /dev.
Dec 30 07:31:47 ip-172-31-23-94 systemd: Stopped Create list of required static device nodes for the current kernel.
Dec 30 07:31:47 ip-172-31-23-94 systemd: Closed udev Kernel Socket.
Dec 30 07:31:47 ip-172-31-23-94 systemd: Closed udev Control Socket.
Dec 30 07:31:47 ip-172-31-23-94 systemd: Starting Cleanup udevd DB...
Dec 30 07:31:47 ip-172-31-23-94 systemd: Started Cleanup udevd DB.
Dec 30 07:31:47 ip-172-31-23-94 systemd: Reached target Switch Root.
Dec 30 07:31:47 ip-172-31-23-94 systemd: Starting Switch Root...
Dec 30 07:31:47 ip-172-31-23-94 systemd: Switching root.
Dec 30 07:31:47 ip-172-31-23-94 journal: Journal stopped
Dec 30 07:31:49 ip-172-31-23-94 journal: Runtime journal is using 6.1M (max allowed 49.1M, trying to leave 73.6M free of 478.8M available â†’ current limit 49.1M).
Dec 30 07:31:49 ip-172-31-23-94 systemd-journald[970]: Received SIGTERM from PID 1 (systemd).
Dec 30 07:31:49 ip-172-31-23-94 kernel: systemd: 13 output lines suppressed due to ratelimiting
Dec 30 07:31:49 ip-172-31-23-94 kernel: SELinux:  Disabled at runtime.
Dec 30 07:31:49 ip-172-31-23-94 kernel: audit: type=1404 audit(1640849508.264:2): selinux=0 auid=4294967295 ses=4294967295
Dec 30 07:31:49 ip-172-31-23-94 journal: Journal started
Dec 30 07:31:49 ip-172-31-23-94 systemd: systemd 219 running in system mode. (+PAM +AUDIT +SELINUX +IMA -APPARMOR +SMACK +SYSVINIT +UTMP +LIBCRYPTSETUP +GCRYPT +GNUTLS +ACL +XZ +LZ4 -SECCOMP +BLKID +ELFUTILS +KMOD +IDN)
Dec 30 07:31:49 ip-172-31-23-94 systemd: Detected virtualization xen.
Dec 30 07:31:49 ip-172-31-23-94 systemd: Detected architecture x86-64.
Dec 30 07:31:49 ip-172-31-23-94 systemd: Set hostname to <ip-172-31-1-79.us-east-2.compute.internal>.
Dec 30 07:31:49 ip-172-31-23-94 systemd: Cannot add dependency job for unit display-manager.service, ignoring: Unit not found.
Dec 30 07:31:49 ip-172-31-23-94 systemd: Started Read and set NIS domainname from /etc/sysconfig/network.
Dec 30 07:31:49 ip-172-31-23-94 systemd: Started Setup Virtual Console.
Dec 30 07:31:49 ip-172-31-23-94 systemd: Started Remount Root and Kernel File Systems.
Dec 30 07:31:49 ip-172-31-23-94 systemd: Starting Relabel kernel modules early in the boot, if needed...
Dec 30 07:31:49 ip-172-31-23-94 systemd: Starting udev Coldplug all Devices...
Dec 30 07:31:49 ip-172-31-23-94 systemd: Starting Configure read-only root support...
Dec 30 07:31:49 ip-172-31-23-94 systemd: Starting Flush Journal to Persistent Storage...
Dec 30 07:31:49 ip-172-31-23-94 systemd: Started Create list of required static device nodes for the current kernel.
Dec 30 07:31:49 ip-172-31-23-94 systemd: Started Relabel kernel modules early in the boot, if needed.
Dec 30 07:31:49 ip-172-31-23-94 systemd: Started LVM2 metadata daemon.
Dec 30 07:31:49 ip-172-31-23-94 systemd: Starting Load Kernel Modules...
Dec 30 07:31:49 ip-172-31-23-94 systemd: Starting Create Static Device Nodes in /dev...
Dec 30 07:31:49 ip-172-31-23-94 systemd: Started udev Coldplug all Devices.
Dec 30 07:31:49 ip-172-31-23-94 systemd: Started Configure read-only root support.
Dec 30 07:31:49 ip-172-31-23-94 systemd: Starting Load/Save Random Seed...
Dec 30 07:31:49 ip-172-31-23-94 systemd: Starting udev Wait for Complete Device Initialization...
Dec 30 07:31:49 ip-172-31-23-94 systemd: Started Flush Journal to Persistent Storage.
Dec 30 07:31:49 ip-172-31-23-94 systemd: Started Load/Save Random Seed.
Dec 30 07:31:49 ip-172-31-23-94 systemd: Started Create Static Device Nodes in /dev.
Dec 30 07:31:49 ip-172-31-23-94 systemd: Starting udev Kernel Device Manager...
Dec 30 07:31:49 ip-172-31-23-94 systemd-udevd: starting version 219
Dec 30 07:31:49 ip-172-31-23-94 systemd-udevd: Network interface NamePolicy= disabled on kernel command line, ignoring.
Dec 30 07:31:49 ip-172-31-23-94 systemd-modules-load: Inserted module 'ena'
Dec 30 07:31:49 ip-172-31-23-94 systemd: Started Load Kernel Modules.
Dec 30 07:31:49 ip-172-31-23-94 systemd: Starting Apply Kernel Variables...
Dec 30 07:31:49 ip-172-31-23-94 systemd: Started Apply Kernel Variables.
Dec 30 07:31:49 ip-172-31-23-94 systemd: Started udev Kernel Device Manager.
Dec 30 07:31:49 ip-172-31-23-94 systemd: Starting Show Plymouth Boot Screen...
Dec 30 07:31:49 ip-172-31-23-94 kernel: input: Power Button as /devices/LNXSYSTM:00/LNXPWRBN:00/input/input3
Dec 30 07:31:49 ip-172-31-23-94 kernel: input: ImExPS/2 Generic Explorer Mouse as /devices/platform/i8042/serio1/input/input4
Dec 30 07:31:49 ip-172-31-23-94 systemd: Received SIGRTMIN+20 from PID 2284 (plymouthd).
Dec 30 07:31:49 ip-172-31-23-94 systemd: Started Show Plymouth Boot Screen.
Dec 30 07:31:49 ip-172-31-23-94 systemd: Started Forward Password Requests to Plymouth Directory Watch.
Dec 30 07:31:49 ip-172-31-23-94 kernel: ACPI: Power Button [PWRF]
Dec 30 07:31:49 ip-172-31-23-94 kernel: input: Sleep Button as /devices/LNXSYSTM:00/LNXSLPBN:00/input/input5
Dec 30 07:31:49 ip-172-31-23-94 kernel: ACPI: Sleep Button [SLPF]
Dec 30 07:31:49 ip-172-31-23-94 systemd: Found device /dev/ttyS0.
Dec 30 07:31:49 ip-172-31-23-94 kernel: random: crng init done
Dec 30 07:31:49 ip-172-31-23-94 kernel: random: 7 urandom warning(s) missed due to ratelimiting
Dec 30 07:31:49 ip-172-31-23-94 kernel: SCSI subsystem initialized
Dec 30 07:31:49 ip-172-31-23-94 kernel: mousedev: PS/2 mouse device common for all mice
Dec 30 07:31:49 ip-172-31-23-94 kernel: scsi host0: ata_piix
Dec 30 07:31:49 ip-172-31-23-94 kernel: scsi host1: ata_piix
Dec 30 07:31:49 ip-172-31-23-94 kernel: ata1: PATA max MWDMA2 cmd 0x1f0 ctl 0x3f6 bmdma 0xc100 irq 14
Dec 30 07:31:49 ip-172-31-23-94 kernel: ata2: PATA max MWDMA2 cmd 0x170 ctl 0x376 bmdma 0xc108 irq 15
Dec 30 07:31:49 ip-172-31-23-94 kernel: AVX2 version of gcm_enc/dec engaged.
Dec 30 07:31:49 ip-172-31-23-94 kernel: AES CTR mode by8 optimization enabled
Dec 30 07:31:50 ip-172-31-23-94 kernel: alg: No test for pcbc(aes) (pcbc-aes-aesni)
Dec 30 07:31:50 ip-172-31-23-94 systemd: Created slice system-ec2net\x2difup.slice.
Dec 30 07:31:50 ip-172-31-23-94 systemd: Starting Relabel kernel modules early in the boot, if needed...
Dec 30 07:31:50 ip-172-31-23-94 systemd: Started Relabel kernel modules early in the boot, if needed.
Dec 30 07:31:50 ip-172-31-23-94 systemd: Started Monitoring of LVM2 mirrors, snapshots etc. using dmeventd or progress polling.
Dec 30 07:31:50 ip-172-31-23-94 systemd: Reached target Local File Systems (Pre).
Dec 30 07:31:50 ip-172-31-23-94 kernel: EDAC sbridge:  Ver: 1.1.2 
Dec 30 07:31:50 ip-172-31-23-94 systemd: Started udev Wait for Complete Device Initialization.
Dec 30 07:31:50 ip-172-31-23-94 systemd: Starting Activation of DM RAID sets...
Dec 30 07:31:50 ip-172-31-23-94 kernel: device-mapper: uevent: version 1.0.3
Dec 30 07:31:50 ip-172-31-23-94 kernel: device-mapper: ioctl: 4.37.0-ioctl (2017-09-20) initialised: dm-devel@redhat.com
Dec 30 07:31:50 ip-172-31-23-94 systemd: Started Activation of DM RAID sets.
Dec 30 07:31:50 ip-172-31-23-94 systemd: Reached target Local Encrypted Volumes.
Dec 30 07:31:50 ip-172-31-23-94 systemd: Reached target Local File Systems.
Dec 30 07:31:50 ip-172-31-23-94 systemd: Starting Preprocess NFS configuration...
Dec 30 07:31:50 ip-172-31-23-94 systemd: Starting Tell Plymouth To Write Out Runtime Data...
Dec 30 07:31:50 ip-172-31-23-94 systemd: Starting Create Volatile Files and Directories...
Dec 30 07:31:50 ip-172-31-23-94 systemd: Started Create Volatile Files and Directories.
Dec 30 07:31:50 ip-172-31-23-94 systemd: Started Preprocess NFS configuration.
Dec 30 07:31:50 ip-172-31-23-94 systemd: Starting Security Auditing Service...
Dec 30 07:31:50 ip-172-31-23-94 systemd: Mounting RPC Pipe File System...
Dec 30 07:31:50 ip-172-31-23-94 systemd: Started Tell Plymouth To Write Out Runtime Data.
Dec 30 07:31:50 ip-172-31-23-94 kernel: RPC: Registered named UNIX socket transport module.
Dec 30 07:31:50 ip-172-31-23-94 kernel: RPC: Registered udp transport module.
Dec 30 07:31:50 ip-172-31-23-94 kernel: RPC: Registered tcp transport module.
Dec 30 07:31:50 ip-172-31-23-94 kernel: RPC: Registered tcp NFSv4.1 backchannel transport module.
Dec 30 07:31:50 ip-172-31-23-94 systemd: Mounted RPC Pipe File System.
Dec 30 07:31:50 ip-172-31-23-94 systemd: Reached target rpc_pipefs.target.
Dec 30 07:31:50 ip-172-31-23-94 auditd: Could not open dir /var/log/audit (No such file or directory)
Dec 30 07:31:50 ip-172-31-23-94 auditd: The audit daemon is exiting.
Dec 30 07:31:50 ip-172-31-23-94 systemd: auditd.service: control process exited, code=exited status=6
Dec 30 07:31:50 ip-172-31-23-94 systemd: Failed to start Security Auditing Service.
Dec 30 07:31:50 ip-172-31-23-94 systemd: Unit auditd.service entered failed state.
Dec 30 07:31:50 ip-172-31-23-94 systemd: auditd.service failed.
Dec 30 07:31:50 ip-172-31-23-94 systemd: Starting Update UTMP about System Boot/Shutdown...
Dec 30 07:31:50 ip-172-31-23-94 systemd: Started Update UTMP about System Boot/Shutdown.
Dec 30 07:31:50 ip-172-31-23-94 systemd: Reached target System Initialization.
Dec 30 07:31:50 ip-172-31-23-94 systemd: Started Daily Cleanup of Temporary Directories.
Dec 30 07:31:50 ip-172-31-23-94 systemd: Reached target Timers.
Dec 30 07:31:50 ip-172-31-23-94 systemd: Started Flexible branding.
Dec 30 07:31:50 ip-172-31-23-94 systemd: Reached target Paths.
Dec 30 07:31:50 ip-172-31-23-94 systemd: Listening on D-Bus System Message Bus Socket.
Dec 30 07:31:50 ip-172-31-23-94 systemd: Listening on RPCbind Server Activation Socket.
Dec 30 07:31:50 ip-172-31-23-94 systemd: Starting RPC bind service...
Dec 30 07:31:50 ip-172-31-23-94 systemd: Reached target Sockets.
Dec 30 07:31:50 ip-172-31-23-94 systemd: Reached target Basic System.
Dec 30 07:31:50 ip-172-31-23-94 systemd: Starting Hardware RNG Entropy Gatherer Wake threshold service...
Dec 30 07:31:50 ip-172-31-23-94 systemd: Starting Dump dmesg to /var/log/dmesg...
Dec 30 07:31:50 ip-172-31-23-94 systemd: Started libstoragemgmt plug-in server daemon.
Dec 30 07:31:50 ip-172-31-23-94 systemd: Started Run the CVE-2021-44228 hotfix script.
Dec 30 07:31:50 ip-172-31-23-94 systemd: Starting Resets System Activity Logs...
Dec 30 07:31:50 ip-172-31-23-94 systemd: Started D-Bus System Message Bus.
Dec 30 07:31:50 ip-172-31-23-94 log4j-cve-2021-44228-hotpatch: [log4j-hotpatch] Starting up now...
Dec 30 07:31:50 ip-172-31-23-94 root: Starting up now...
Dec 30 07:31:50 ip-172-31-23-94 systemd: Starting ACPI Event Daemon...
Dec 30 07:31:50 ip-172-31-23-94 systemd: Starting GSSAPI Proxy Daemon...
Dec 30 07:31:50 ip-172-31-23-94 systemd: Starting Login Service...
Dec 30 07:31:50 ip-172-31-23-94 systemd: Starting Initial cloud-init job (pre-networking)...
Dec 30 07:31:50 ip-172-31-23-94 systemd: Starting NTP client/server...
Dec 30 07:31:50 ip-172-31-23-94 log4j-cve-2021-44228-hotpatch: [log4j-hotpatch] No JVMs found, exiting gracefully
Dec 30 07:31:50 ip-172-31-23-94 root: No JVMs found, exiting gracefully
Dec 30 07:31:50 ip-172-31-23-94 systemd: Started irqbalance daemon.
Dec 30 07:31:50 ip-172-31-23-94 systemd: Started RPC bind service.
Dec 30 07:31:50 ip-172-31-23-94 systemd: Started Hardware RNG Entropy Gatherer Wake threshold service.
Dec 30 07:31:50 ip-172-31-23-94 systemd: Started Dump dmesg to /var/log/dmesg.
Dec 30 07:31:50 ip-172-31-23-94 systemd: Started Resets System Activity Logs.
Dec 30 07:31:50 ip-172-31-23-94 systemd: Started Hardware RNG Entropy Gatherer Daemon.
Dec 30 07:31:50 ip-172-31-23-94 systemd: Started ACPI Event Daemon.
Dec 30 07:31:50 ip-172-31-23-94 acpid: starting up with netlink and the input layer
Dec 30 07:31:50 ip-172-31-23-94 acpid: skipping incomplete file /etc/acpi/events/videoconf
Dec 30 07:31:50 ip-172-31-23-94 systemd: Started Login Service.
Dec 30 07:31:50 ip-172-31-23-94 systemd-logind: New seat seat0.
Dec 30 07:31:50 ip-172-31-23-94 acpid: 2 rules loaded
Dec 30 07:31:50 ip-172-31-23-94 acpid: waiting for events: event logging is off
Dec 30 07:31:50 ip-172-31-23-94 chronyd[2496]: chronyd version 4.0 starting (+CMDMON +NTP +REFCLOCK +RTC +PRIVDROP +SCFILTER +SIGND +ASYNCDNS -NTS +SECHASH +IPV6 +DEBUG)
Dec 30 07:31:50 ip-172-31-23-94 /usr/sbin/irqbalance: Balancing is ineffective on systems with a single cpu.  Shutting down
Dec 30 07:31:50 ip-172-31-23-94 chronyd[2496]: Frequency -1.146 +/- 3.088 ppm read from /var/lib/chrony/drift
Dec 30 07:31:50 ip-172-31-23-94 systemd: Started NTP client/server.
Dec 30 07:31:50 ip-172-31-23-94 systemd: Started GSSAPI Proxy Daemon.
Dec 30 07:31:50 ip-172-31-23-94 systemd: Reached target NFS client services.
Dec 30 07:31:50 ip-172-31-23-94 systemd: Reached target Remote File Systems (Pre).
Dec 30 07:31:50 ip-172-31-23-94 systemd: Reached target Remote File Systems.
Dec 30 07:31:50 ip-172-31-23-94 rngd: Disabling 5: JITTER Entropy generator (jitter)
Dec 30 07:31:50 ip-172-31-23-94 rngd: Initializing available sources
Dec 30 07:31:50 ip-172-31-23-94 rngd: Failed to init entropy source hwrng
Dec 30 07:31:50 ip-172-31-23-94 rngd: Enabling RDRAND rng support
Dec 30 07:31:50 ip-172-31-23-94 rngd: Initializing entropy source rdrand
Dec 30 07:31:52 ip-172-31-23-94 cloud-init: Cloud-init v. 19.3-44.amzn2 running 'init-local' at Thu, 30 Dec 2021 07:31:52 +0000. Up 7.27 seconds.
Dec 30 07:31:52 ip-172-31-23-94 systemd: Started Initial cloud-init job (pre-networking).
Dec 30 07:31:52 ip-172-31-23-94 systemd: Reached target Network (Pre).
Dec 30 07:31:52 ip-172-31-23-94 systemd: Starting LSB: Bring up/down networking...
Dec 30 07:31:52 ip-172-31-23-94 network: Bringing up loopback interface:  [  OK  ]
Dec 30 07:31:52 ip-172-31-23-94 network: Bringing up interface eth0:
Dec 30 07:31:52 ip-172-31-23-94 dhclient[2640]: DHCPDISCOVER on eth0 to 255.255.255.255 port 67 interval 6 (xid=0x7233cf54)
Dec 30 07:31:52 ip-172-31-23-94 dhclient[2640]: DHCPREQUEST on eth0 to 255.255.255.255 port 67 (xid=0x7233cf54)
Dec 30 07:31:52 ip-172-31-23-94 dhclient[2640]: DHCPOFFER from 172.31.16.1
Dec 30 07:31:52 ip-172-31-23-94 dhclient[2640]: DHCPACK from 172.31.16.1 (xid=0x7233cf54)
Dec 30 07:31:52 ip-172-31-23-94 NET[2689]: /usr/sbin/dhclient-script : updated /etc/resolv.conf
Dec 30 07:31:52 ip-172-31-23-94 dhclient[2640]: bound to 172.31.23.94 -- renewal in 1586 seconds.
Dec 30 07:31:52 ip-172-31-23-94 ec2net: [get_meta] Querying IMDS for meta-data/network/interfaces/macs/06:19:a8:48:b7:c0/local-ipv4s
Dec 30 07:31:52 ip-172-31-23-94 ec2net: [get_meta] Getting token for IMDSv2.
Dec 30 07:31:52 ip-172-31-23-94 network: Determining IP information for eth0... done.
Dec 30 07:31:52 ip-172-31-23-94 ec2net: [get_meta] Trying to get http://169.254.169.254/latest/meta-data/network/interfaces/macs/06:19:a8:48:b7:c0/local-ipv4s
Dec 30 07:31:52 ip-172-31-23-94 ec2net: [remove_aliases] Removing aliases of eth0
Dec 30 07:31:52 ip-172-31-23-94 network: Determining IPv6 information for eth0... done.
Dec 30 07:31:53 ip-172-31-23-94 network: [  OK  ]
Dec 30 07:31:53 ip-172-31-23-94 systemd: Started LSB: Bring up/down networking.
Dec 30 07:31:53 ip-172-31-23-94 systemd: Starting Initial cloud-init job (metadata service crawler)...
Dec 30 07:31:53 ip-172-31-23-94 systemd: Reached target Network.
Dec 30 07:31:53 ip-172-31-23-94 systemd: Starting Postfix Mail Transport Agent...
Dec 30 07:31:53 ip-172-31-23-94 dhclient[2747]: XMT: Solicit on eth0, interval 1040ms.
Dec 30 07:31:53 ip-172-31-23-94 cloud-init: Cloud-init v. 19.3-44.amzn2 running 'init' at Thu, 30 Dec 2021 07:31:53 +0000. Up 8.37 seconds.
Dec 30 07:31:53 ip-172-31-23-94 cloud-init: ci-info: ++++++++++++++++++++++++++++++++++++++Net device info+++++++++++++++++++++++++++++++++++++++
Dec 30 07:31:53 ip-172-31-23-94 cloud-init: ci-info: +--------+------+-----------------------------+---------------+--------+-------------------+
Dec 30 07:31:53 ip-172-31-23-94 cloud-init: ci-info: | Device |  Up  |           Address           |      Mask     | Scope  |     Hw-Address    |
Dec 30 07:31:53 ip-172-31-23-94 cloud-init: ci-info: +--------+------+-----------------------------+---------------+--------+-------------------+
Dec 30 07:31:53 ip-172-31-23-94 cloud-init: ci-info: |  eth0  | True |         172.31.23.94        | 255.255.240.0 | global | 06:19:a8:48:b7:c0 |
Dec 30 07:31:53 ip-172-31-23-94 cloud-init: ci-info: |  eth0  | True | fe80::419:a8ff:fe48:b7c0/64 |       .       |  link  | 06:19:a8:48:b7:c0 |
Dec 30 07:31:53 ip-172-31-23-94 cloud-init: ci-info: |   lo   | True |          127.0.0.1          |   255.0.0.0   |  host  |         .         |
Dec 30 07:31:53 ip-172-31-23-94 cloud-init: ci-info: |   lo   | True |           ::1/128           |       .       |  host  |         .         |
Dec 30 07:31:53 ip-172-31-23-94 cloud-init: ci-info: +--------+------+-----------------------------+---------------+--------+-------------------+
Dec 30 07:31:53 ip-172-31-23-94 cloud-init: ci-info: ++++++++++++++++++++++++++++++++Route IPv4 info++++++++++++++++++++++++++++++++
Dec 30 07:31:53 ip-172-31-23-94 cloud-init: ci-info: +-------+-----------------+-------------+-----------------+-----------+-------+
Dec 30 07:31:53 ip-172-31-23-94 cloud-init: ci-info: | Route |   Destination   |   Gateway   |     Genmask     | Interface | Flags |
Dec 30 07:31:53 ip-172-31-23-94 cloud-init: ci-info: +-------+-----------------+-------------+-----------------+-----------+-------+
Dec 30 07:31:53 ip-172-31-23-94 cloud-init: ci-info: |   0   |     0.0.0.0     | 172.31.16.1 |     0.0.0.0     |    eth0   |   UG  |
Dec 30 07:31:53 ip-172-31-23-94 cloud-init: ci-info: |   1   | 169.254.169.254 |   0.0.0.0   | 255.255.255.255 |    eth0   |   UH  |
Dec 30 07:31:53 ip-172-31-23-94 cloud-init: ci-info: |   2   |   172.31.16.0   |   0.0.0.0   |  255.255.240.0  |    eth0   |   U   |
Dec 30 07:31:53 ip-172-31-23-94 cloud-init: ci-info: +-------+-----------------+-------------+-----------------+-----------+-------+
Dec 30 07:31:53 ip-172-31-23-94 cloud-init: ci-info: +++++++++++++++++++Route IPv6 info+++++++++++++++++++
Dec 30 07:31:53 ip-172-31-23-94 cloud-init: ci-info: +-------+-------------+---------+-----------+-------+
Dec 30 07:31:53 ip-172-31-23-94 cloud-init: ci-info: | Route | Destination | Gateway | Interface | Flags |
Dec 30 07:31:53 ip-172-31-23-94 cloud-init: ci-info: +-------+-------------+---------+-----------+-------+
Dec 30 07:31:53 ip-172-31-23-94 cloud-init: ci-info: |   9   |  fe80::/64  |    ::   |    eth0   |   U   |
Dec 30 07:31:53 ip-172-31-23-94 cloud-init: ci-info: |   11  |    local    |    ::   |    eth0   |   U   |
Dec 30 07:31:53 ip-172-31-23-94 cloud-init: ci-info: |   12  |   ff00::/8  |    ::   |    eth0   |   U   |
Dec 30 07:31:53 ip-172-31-23-94 cloud-init: ci-info: +-------+-------------+---------+-----------+-------+
Dec 30 07:31:54 ip-172-31-23-94 dbus[2462]: [system] Activating via systemd: service name='org.freedesktop.hostname1' unit='dbus-org.freedesktop.hostname1.service'
Dec 30 07:31:54 ip-172-31-23-94 systemd: Starting Hostname Service...
Dec 30 07:31:54 ip-172-31-23-94 dbus[2462]: [system] Successfully activated service 'org.freedesktop.hostname1'
Dec 30 07:31:54 ip-172-31-23-94 systemd-hostnamed: Changed static host name to 'ip-172-31-23-94.us-east-2.compute.internal'
Dec 30 07:31:54 ip-172-31-23-94 systemd-hostnamed: Changed host name to 'ip-172-31-23-94.us-east-2.compute.internal'
Dec 30 07:31:54 ip-172-31-23-94 systemd: Started Postfix Mail Transport Agent.
Dec 30 07:31:54 ip-172-31-23-94 systemd: Started Hostname Service.
Dec 30 07:31:54 ip-172-31-23-94 dhclient[2747]: XMT: Solicit on eth0, interval 2070ms.
Dec 30 07:31:54 ip-172-31-23-94 systemd: Started Initial cloud-init job (metadata service crawler).
Dec 30 07:31:54 ip-172-31-23-94 systemd: Reached target Cloud-config availability.
Dec 30 07:31:54 ip-172-31-23-94 systemd: Starting Permit User Sessions...
Dec 30 07:31:54 ip-172-31-23-94 systemd: Reached target Network is Online.
Dec 30 07:31:54 ip-172-31-23-94 systemd: Starting Dynamically Generate Message Of The Day...
Dec 30 07:31:54 ip-172-31-23-94 systemd: Starting System Logging Service...
Dec 30 07:31:54 ip-172-31-23-94 systemd: Starting Apply the settings specified in cloud-config...
Dec 30 07:31:54 ip-172-31-23-94 systemd: Started amazon-ssm-agent.
Dec 30 07:31:54 ip-172-31-23-94 systemd: Starting Notify NFS peers of a restart...
Dec 30 07:31:54 ip-172-31-23-94 systemd: Starting Finds and configures elastic network interfaces...
Dec 30 07:31:54 ip-172-31-23-94 systemd: Starting OpenSSH Server Key Generation...
Dec 30 07:31:54 ip-172-31-23-94 sm-notify[2942]: Version 1.3.0 starting
Dec 30 07:31:54 ip-172-31-23-94 systemd: Started Permit User Sessions.
Dec 30 07:31:54 ip-172-31-23-94 ec2net: [ec2ifscan] Scanning for unconfigured interfaces
Dec 30 07:31:54 ip-172-31-23-94 systemd: Started Notify NFS peers of a restart.
Dec 30 07:31:54 ip-172-31-23-94 systemd: Started Command Scheduler.
Dec 30 07:31:54 ip-172-31-23-94 systemd: Started Job spooling tools.
Dec 30 07:31:54 ip-172-31-23-94 systemd: Starting Terminate Plymouth Boot Screen...
Dec 30 07:31:54 ip-172-31-23-94 systemd: Starting Wait for Plymouth Boot Screen to Quit...
Dec 30 07:31:54 ip-172-31-23-94 rsyslogd: [origin software="rsyslogd" swVersion="8.24.0-52.amzn2" x-pid="2939" x-info="http://www.rsyslog.com"] start
Dec 30 07:31:54 ip-172-31-23-94 systemd: Started System Logging Service.
Dec 30 07:31:54 ip-172-31-23-94 systemd: Started Finds and configures elastic network interfaces.
Dec 30 07:31:54 ip-172-31-23-94 systemd: Started Dynamically Generate Message Of The Day.
Dec 30 07:31:54 ip-172-31-23-94 amazon-ssm-agent: Error occurred fetching the seelog config file path:  open /etc/amazon/ssm/seelog.xml: no such file or directory
Dec 30 07:31:54 ip-172-31-23-94 amazon-ssm-agent: Initializing new seelog logger
Dec 30 07:31:54 ip-172-31-23-94 amazon-ssm-agent: New Seelog Logger Creation Complete
Dec 30 07:31:55 ip-172-31-23-94 amazon-ssm-agent: 2021-12-30 07:31:55 INFO Agent will take identity from EC2
Dec 30 07:31:55 ip-172-31-23-94 amazon-ssm-agent: 2021-12-30 07:31:55 INFO [amazon-ssm-agent] using named pipe channel for IPC
Dec 30 07:31:55 ip-172-31-23-94 amazon-ssm-agent: 2021-12-30 07:31:55 INFO [amazon-ssm-agent] using named pipe channel for IPC
Dec 30 07:31:55 ip-172-31-23-94 amazon-ssm-agent: 2021-12-30 07:31:55 INFO [amazon-ssm-agent] using named pipe channel for IPC
Dec 30 07:31:55 ip-172-31-23-94 systemd: Received SIGRTMIN+21 from PID 2284 (plymouthd).
Dec 30 07:31:55 ip-172-31-23-94 systemd: Started Terminate Plymouth Boot Screen.
Dec 30 07:31:55 ip-172-31-23-94 systemd: Started Wait for Plymouth Boot Screen to Quit.
Dec 30 07:31:55 ip-172-31-23-94 systemd: Started Serial Getty on ttyS0.
Dec 30 07:31:55 ip-172-31-23-94 systemd: Started Getty on tty1.
Dec 30 07:31:55 ip-172-31-23-94 systemd: Reached target Login Prompts.
Dec 30 07:31:55 ip-172-31-23-94 sshd-keygen: Generating SSH2 RSA host key: [  OK  ]
Dec 30 07:31:55 ip-172-31-23-94 sshd-keygen: Generating SSH2 ECDSA host key: [  OK  ]
Dec 30 07:31:55 ip-172-31-23-94 amazon-ssm-agent: 2021-12-30 07:31:55 INFO [amazon-ssm-agent] amazon-ssm-agent - v3.0.1124.0
Dec 30 07:31:55 ip-172-31-23-94 sshd-keygen: Generating SSH2 ED25519 host key: [  OK  ]
Dec 30 07:31:55 ip-172-31-23-94 systemd: Started OpenSSH Server Key Generation.
Dec 30 07:31:55 ip-172-31-23-94 systemd: Starting OpenSSH server daemon...
Dec 30 07:31:55 ip-172-31-23-94 systemd: Starting EC2 Instance Connect Host Key Harvesting...
Dec 30 07:31:55 ip-172-31-23-94 systemd: Started OpenSSH server daemon.
Dec 30 07:31:55 ip-172-31-23-94 amazon-ssm-agent: 2021-12-30 07:31:55 INFO [amazon-ssm-agent] OS: linux, Arch: amd64
Dec 30 07:31:55 ip-172-31-23-94 cloud-init: Cloud-init v. 19.3-44.amzn2 running 'modules:config' at Thu, 30 Dec 2021 07:31:55 +0000. Up 10.38 seconds.
Dec 30 07:31:55 ip-172-31-23-94 systemd: Started Apply the settings specified in cloud-config.
Dec 30 07:31:55 ip-172-31-23-94 systemd: Starting Initial hibernation setup job...
Dec 30 07:31:55 ip-172-31-23-94 systemd: Starting Execute cloud user/final scripts...
Dec 30 07:31:55 ip-172-31-23-94 hibinit-agent: Effective config: {'grub_update': True, 'swap_percentage': 100, 'log_to_syslog': True, 'touch_swap': False, 'state_dir': '/var/lib/hibinit-agent', 'swapoff': 'swapoff {swapfile}', 'mkswap': 'mkswap {swapfile}', 'swapon': 'swapon {swapfile}', 'swap_mb': 4000}
Dec 30 07:31:55 ip-172-31-23-94 hibinit-agent: Requesting new IMDSv2 token.
Dec 30 07:31:55 ip-172-31-23-94 hibinit-agent: Instance Launch has not enabled Hibernation Configured Flag. hibinit-agent exiting!!
Dec 30 07:31:56 ip-172-31-23-94 systemd: Stopping ACPI Event Daemon...
Dec 30 07:31:56 ip-172-31-23-94 acpid: exiting
Dec 30 07:31:56 ip-172-31-23-94 systemd: Stopped ACPI Event Daemon.
Dec 30 07:31:56 ip-172-31-23-94 systemd: Starting ACPI Event Daemon...
Dec 30 07:31:56 ip-172-31-23-94 systemd: Started ACPI Event Daemon.
Dec 30 07:31:56 ip-172-31-23-94 systemd: Started Initial hibernation setup job.
Dec 30 07:31:56 ip-172-31-23-94 acpid: starting up with netlink and the input layer
Dec 30 07:31:56 ip-172-31-23-94 acpid: skipping incomplete file /etc/acpi/events/videoconf
Dec 30 07:31:56 ip-172-31-23-94 acpid: 2 rules loaded
Dec 30 07:31:56 ip-172-31-23-94 acpid: waiting for events: event logging is off
Dec 30 07:31:56 ip-172-31-23-94 systemd: Started EC2 Instance Connect Host Key Harvesting.
Dec 30 07:31:56 ip-172-31-23-94 systemd: Reached target Multi-User System.
Dec 30 07:31:56 ip-172-31-23-94 systemd: Reached target Graphical Interface.
Dec 30 07:31:56 ip-172-31-23-94 systemd: Reached target aws-eb.target.
Dec 30 07:31:56 ip-172-31-23-94 systemd: Starting Update UTMP about System Runlevel Changes...
Dec 30 07:31:56 ip-172-31-23-94 systemd: Started Update UTMP about System Runlevel Changes.
Dec 30 07:31:56 ip-172-31-23-94 amazon-ssm-agent: 2021-12-30 07:31:56 INFO [amazon-ssm-agent] [LongRunningWorkerContainer] [WorkerProvider] Worker ssm-agent-worker is not running, starting worker process
Dec 30 07:31:56 ip-172-31-23-94 amazon-ssm-agent: 2021-12-30 07:31:56 INFO [amazon-ssm-agent] [LongRunningWorkerContainer] [WorkerProvider] Worker ssm-agent-worker (pid:3111) started
Dec 30 07:31:56 ip-172-31-23-94 amazon-ssm-agent: 2021-12-30 07:31:56 INFO [amazon-ssm-agent] [LongRunningWorkerContainer] Monitor long running worker health every 60 seconds
Dec 30 07:31:56 ip-172-31-23-94 cloud-init: Cloud-init v. 19.3-44.amzn2 running 'modules:final' at Thu, 30 Dec 2021 07:31:56 +0000. Up 11.12 seconds.
Dec 30 07:31:56 ip-172-31-23-94 [eb-cfn-init]: [2021-12-30T07:31:56Z] Started EB User Data
Dec 30 07:31:56 ip-172-31-23-94 [eb-cfn-init]: + SLEEP_TIME=10
Dec 30 07:31:56 ip-172-31-23-94 [eb-cfn-init]: + SLEEP_TIME_MAX=3600
Dec 30 07:31:56 ip-172-31-23-94 [eb-cfn-init]: + true
Dec 30 07:31:56 ip-172-31-23-94 [eb-cfn-init]: + curl https://elasticbeanstalk-platform-assets-us-east-2.s3.us-east-2.amazonaws.com/stalks/eb_corretto11_amazon_linux_2_1.0.3002.0_20211227235000/lib/UserDataScript.sh
Dec 30 07:31:56 ip-172-31-23-94 [eb-cfn-init]:  % Total    % Received % Xferd  Average Speed   Time    Time     Time  Current
Dec 30 07:31:56 ip-172-31-23-94 [eb-cfn-init]:                                 Dload  Upload   Total   Spent    Left  Speed
Dec 30 07:31:56 ip-172-31-23-94 [eb-cfn-init]: #015  0     0    0     0    0     0      0      0 --:--:-- --:--:-- --:--:--     0#015100  4627  100  4627    0     0  62077      0 --:--:-- --:--:-- --:--:-- 62527
Dec 30 07:31:56 ip-172-31-23-94 [eb-cfn-init]: + RESULT=0
Dec 30 07:31:56 ip-172-31-23-94 [eb-cfn-init]: [2021-12-30T07:31:56.412Z] Started EB Bootstrapping Script.
Dec 30 07:31:56 ip-172-31-23-94 [eb-cfn-init]: + [[ 0 -ne 0 ]]
Dec 30 07:31:56 ip-172-31-23-94 [eb-cfn-init]: + SLEEP_TIME=2
Dec 30 07:31:56 ip-172-31-23-94 [eb-cfn-init]: + /bin/bash /tmp/ebbootstrap.sh 'https://cloudformation-waitcondition-us-east-2.s3.us-east-2.amazonaws.com/arn%3Aaws%3Acloudformation%3Aus-east-2%3A668002097633%3Astack/awseb-e-8jmriy3ksj-stack/6b2fde60-6942-11ec-8de9-023daeff6498/AWSEBInstanceLaunchWaitHandle?X-Amz-Algorithm=AWS4-HMAC-SHA256&X-Amz-Date=20211230T073058Z&X-Amz-SignedHeaders=host&X-Amz-Expires=86399&X-Amz-Credential=AKIAVRFIPK6PBGAVDDLE%2F20211230%2Fus-east-2%2Fs3%2Faws4_request&X-Amz-Signature=cfcc4c55ea801322b6cf2d2e0b56226dc2374e2a25e7984f2a22f09e1144445a' arn:aws:cloudformation:us-east-2:668002097633:stack/awseb-e-8jmriy3ksj-stack/6b2fde60-6942-11ec-8de9-023daeff6498 6dc988d3-9253-431f-9455-ad08e5de7301 https://elasticbeanstalk-health.us-east-2.amazonaws.com '' https://elasticbeanstalk-platform-assets-us-east-2.s3.us-east-2.amazonaws.com/stalks/eb_corretto11_amazon_linux_2_1.0.3002.0_20211227235000 us-east-2
Dec 30 07:31:56 ip-172-31-23-94 dhclient[2747]: XMT: Solicit on eth0, interval 4100ms.
Dec 30 07:31:56 ip-172-31-23-94 [eb-cfn-init]: [2021-12-30T07:31:56.430Z] Received parameters:
Dec 30 07:31:56 ip-172-31-23-94 [eb-cfn-init]: TARBALLS =
Dec 30 07:31:56 ip-172-31-23-94 [eb-cfn-init]: EB_GEMS =
Dec 30 07:31:56 ip-172-31-23-94 [eb-cfn-init]: SIGNAL_URL = https://cloudformation-waitcondition-us-east-2.s3.us-east-2.amazonaws.com/arn%3Aaws%3Acloudformation%3Aus-east-2%3A668002097633%3Astack/awseb-e-8jmriy3ksj-stack/6b2fde60-6942-11ec-8de9-023daeff6498/AWSEBInstanceLaunchWaitHandle?X-Amz-Algorithm=AWS4-HMAC-SHA256&X-Amz-Date=20211230T073058Z&X-Amz-SignedHeaders=host&X-Amz-Expires=86399&X-Amz-Credential=AKIAVRFIPK6PBGAVDDLE%2F20211230%2Fus-east-2%2Fs3%2Faws4_request&X-Amz-Signature=cfcc4c55ea801322b6cf2d2e0b56226dc2374e2a25e7984f2a22f09e1144445a
Dec 30 07:31:56 ip-172-31-23-94 [eb-cfn-init]: STACK_ID = arn:aws:cloudformation:us-east-2:668002097633:stack/awseb-e-8jmriy3ksj-stack/6b2fde60-6942-11ec-8de9-023daeff6498
Dec 30 07:31:56 ip-172-31-23-94 [eb-cfn-init]: REGION = us-east-2
Dec 30 07:31:56 ip-172-31-23-94 [eb-cfn-init]: GUID =
Dec 30 07:31:56 ip-172-31-23-94 [eb-cfn-init]: HEALTHD_GROUP_ID = 6dc988d3-9253-431f-9455-ad08e5de7301
Dec 30 07:31:56 ip-172-31-23-94 [eb-cfn-init]: HEALTHD_ENDPOINT = https://elasticbeanstalk-health.us-east-2.amazonaws.com
Dec 30 07:31:56 ip-172-31-23-94 [eb-cfn-init]: PROXY_SERVER =
Dec 30 07:31:56 ip-172-31-23-94 [eb-cfn-init]: HEALTHD_PROXY_LOG_LOCATION =
Dec 30 07:31:56 ip-172-31-23-94 [eb-cfn-init]: PLATFORM_ASSETS_URL = https://elasticbeanstalk-platform-assets-us-east-2.s3.us-east-2.amazonaws.com/stalks/eb_corretto11_amazon_linux_2_1.0.3002.0_20211227235000
Dec 30 07:31:56 ip-172-31-23-94 [eb-cfn-init]: [2021-12-30T07:31:56.496Z] engine url is set to https://elasticbeanstalk-platform-assets-us-east-2.s3.us-east-2.amazonaws.com/stalks/eb_corretto11_amazon_linux_2_1.0.3002.0_20211227235000/lib/platform-engine.zip
Dec 30 07:31:56 ip-172-31-23-94 [eb-cfn-init]: [2021-12-30T07:31:56.529Z] first init of instance.
Dec 30 07:31:56 ip-172-31-23-94 [eb-cfn-init]: [2021-12-30T07:31:56.542Z] Started executing cfn_init _OnInstanceBoot.
Dec 30 07:31:56 ip-172-31-23-94 [eb-cfn-init]: [2021-12-30T07:31:56.552Z] Running cfn-init ConfigSet: _OnInstanceBoot.
Dec 30 07:31:56 ip-172-31-23-94 [eb-cfn-init]: [2021-12-30T07:31:56.582Z] Using stack-id from userdata
Dec 30 07:31:57 ip-172-31-23-94 chronyd[2496]: Selected source 169.254.169.123
Dec 30 07:31:57 ip-172-31-23-94 [eb-cfn-init]: [2021-12-30T07:31:57.890Z] Command Returned:
Dec 30 07:31:57 ip-172-31-23-94 [eb-cfn-init]: [2021-12-30T07:31:57.898Z] Completed executing cfn_init.
Dec 30 07:31:57 ip-172-31-23-94 [eb-cfn-init]: [2021-12-30T07:31:57.905Z] finished _OnInstanceBoot
Dec 30 07:31:57 ip-172-31-23-94 [eb-cfn-init]: --2021-12-30 07:31:57--  https://elasticbeanstalk-platform-assets-us-east-2.s3.us-east-2.amazonaws.com/stalks/eb_corretto11_amazon_linux_2_1.0.3002.0_20211227235000/lib/platform-engine.zip
Dec 30 07:31:57 ip-172-31-23-94 [eb-cfn-init]: Resolving elasticbeanstalk-platform-assets-us-east-2.s3.us-east-2.amazonaws.com (elasticbeanstalk-platform-assets-us-east-2.s3.us-east-2.amazonaws.com)... 52.219.141.82
Dec 30 07:31:57 ip-172-31-23-94 [eb-cfn-init]: Connecting to elasticbeanstalk-platform-assets-us-east-2.s3.us-east-2.amazonaws.com (elasticbeanstalk-platform-assets-us-east-2.s3.us-east-2.amazonaws.com)|52.219.141.82|:443... connected.
Dec 30 07:31:58 ip-172-31-23-94 [eb-cfn-init]: HTTP request sent, awaiting response... 200 OK
Dec 30 07:31:58 ip-172-31-23-94 [eb-cfn-init]: Length: 26666481 (25M) [application/zip]
Dec 30 07:31:58 ip-172-31-23-94 [eb-cfn-init]: Saving to: â€˜/tmp/platform-engine.zipâ€™
Dec 30 07:31:58 ip-172-31-23-94 [eb-cfn-init]: 
Dec 30 07:31:58 ip-172-31-23-94 [eb-cfn-init]:     0K .......... .......... .......... .......... ..........  0% 9.28M 3s
Dec 30 07:31:58 ip-172-31-23-94 [eb-cfn-init]:    50K .......... .......... .......... .......... ..........  0% 5.13M 4s
Dec 30 07:31:58 ip-172-31-23-94 [eb-cfn-init]:   100K .......... .......... .......... .......... ..........  0% 16.2M 3s
Dec 30 07:31:58 ip-172-31-23-94 [eb-cfn-init]:   150K .......... .......... .......... .......... ..........  0% 54.6M 2s
Dec 30 07:31:58 ip-172-31-23-94 [eb-cfn-init]:   200K .......... .......... .......... .......... ..........  0% 6.69M 3s
Dec 30 07:31:58 ip-172-31-23-94 [eb-cfn-init]:   250K .......... .......... .......... .......... ..........  1%  213M 2s
Dec 30 07:31:58 ip-172-31-23-94 [eb-cfn-init]:   300K .......... .......... .......... .......... ..........  1% 7.73M 2s
Dec 30 07:31:58 ip-172-31-23-94 [eb-cfn-init]:   350K .......... .......... .......... .......... ..........  1%  217M 2s
Dec 30 07:31:58 ip-172-31-23-94 [eb-cfn-init]:   400K .......... .......... .......... .......... ..........  1% 7.79M 2s
Dec 30 07:31:58 ip-172-31-23-94 [eb-cfn-init]:   450K .......... .......... .......... .......... ..........  1%  240M 2s
Dec 30 07:31:58 ip-172-31-23-94 [eb-cfn-init]:   500K .......... .......... .......... .......... ..........  2% 6.88M 2s
Dec 30 07:31:58 ip-172-31-23-94 [eb-cfn-init]:   550K .......... .......... .......... .......... ..........  2%  220M 2s
Dec 30 07:31:58 ip-172-31-23-94 [eb-cfn-init]:   600K .......... .......... .......... .......... ..........  2% 7.54M 2s
Dec 30 07:31:58 ip-172-31-23-94 [eb-cfn-init]:   650K .......... .......... .......... .......... ..........  2%  221M 2s
Dec 30 07:31:58 ip-172-31-23-94 [eb-cfn-init]:   700K .......... .......... .......... .......... ..........  2% 7.12M 2s
Dec 30 07:31:58 ip-172-31-23-94 [eb-cfn-init]:   750K .......... .......... .......... .......... ..........  3%  144M 2s
Dec 30 07:31:58 ip-172-31-23-94 [eb-cfn-init]:   800K .......... .......... .......... .......... ..........  3%  224M 2s
Dec 30 07:31:58 ip-172-31-23-94 [eb-cfn-init]:   850K .......... .......... .......... .......... ..........  3% 9.37M 2s
Dec 30 07:31:58 ip-172-31-23-94 [eb-cfn-init]:   900K .......... .......... .......... .......... ..........  3% 4.57M 2s
Dec 30 07:31:58 ip-172-31-23-94 [eb-cfn-init]:   950K .......... .......... .......... .......... ..........  3% 86.5M 2s
Dec 30 07:31:58 ip-172-31-23-94 [eb-cfn-init]:  1000K .......... .......... .......... .......... ..........  4% 94.6M 2s
Dec 30 07:31:58 ip-172-31-23-94 [eb-cfn-init]:  1050K .......... .......... .......... .......... ..........  4% 69.4M 2s
Dec 30 07:31:58 ip-172-31-23-94 [eb-cfn-init]:  1100K .......... .......... .......... .......... ..........  4% 96.9M 2s
Dec 30 07:31:58 ip-172-31-23-94 [eb-cfn-init]:  1150K .......... .......... .......... .......... ..........  4% 71.1M 2s
Dec 30 07:31:58 ip-172-31-23-94 [eb-cfn-init]:  1200K .......... .......... .......... .......... ..........  4% 88.9M 2s
Dec 30 07:31:58 ip-172-31-23-94 [eb-cfn-init]:  1250K .......... .......... .......... .......... ..........  4% 78.6M 2s
Dec 30 07:31:58 ip-172-31-23-94 [eb-cfn-init]:  1300K .......... .......... .......... .......... ..........  5% 6.82M 2s
Dec 30 07:31:58 ip-172-31-23-94 [eb-cfn-init]:  1350K .......... .......... .......... .......... ..........  5% 8.54M 2s
Dec 30 07:31:58 ip-172-31-23-94 [eb-cfn-init]:  1400K .......... .......... .......... .......... ..........  5% 71.2M 2s
Dec 30 07:31:58 ip-172-31-23-94 [eb-cfn-init]:  1450K .......... .......... .......... .......... ..........  5% 79.6M 2s
Dec 30 07:31:58 ip-172-31-23-94 [eb-cfn-init]:  1500K .......... .......... .......... .......... ..........  5% 73.6M 2s
Dec 30 07:31:58 ip-172-31-23-94 [eb-cfn-init]:  1550K .......... .......... .......... .......... ..........  6% 94.4M 1s
Dec 30 07:31:58 ip-172-31-23-94 [eb-cfn-init]:  1600K .......... .......... .......... .......... ..........  6% 86.5M 1s
Dec 30 07:31:58 ip-172-31-23-94 [eb-cfn-init]:  1650K .......... .......... .......... .......... ..........  6% 80.5M 1s
Dec 30 07:31:58 ip-172-31-23-94 [eb-cfn-init]:  1700K .......... .......... .......... .......... ..........  6% 80.7M 1s
Dec 30 07:31:58 ip-172-31-23-94 [eb-cfn-init]:  1750K .......... .......... .......... .......... ..........  6%  110M 1s
Dec 30 07:31:58 ip-172-31-23-94 [eb-cfn-init]:  1800K .......... .......... .......... .......... ..........  7% 86.4M 1s
Dec 30 07:31:58 ip-172-31-23-94 [eb-cfn-init]:  1850K .......... .......... .......... .......... ..........  7% 69.3M 1s
Dec 30 07:31:58 ip-172-31-23-94 [eb-cfn-init]:  1900K .......... .......... .......... .......... ..........  7% 74.6M 1s
Dec 30 07:31:58 ip-172-31-23-94 [eb-cfn-init]:  1950K .......... .......... .......... .......... ..........  7% 74.3M 1s
Dec 30 07:31:58 ip-172-31-23-94 [eb-cfn-init]:  2000K .......... .......... .......... .......... ..........  7% 84.8M 1s
Dec 30 07:31:58 ip-172-31-23-94 [eb-cfn-init]:  2050K .......... .......... .......... .......... ..........  8% 7.17M 1s
Dec 30 07:31:58 ip-172-31-23-94 [eb-cfn-init]:  2100K .......... .......... .......... .......... ..........  8% 93.2M 1s
Dec 30 07:31:58 ip-172-31-23-94 [eb-cfn-init]:  2150K .......... .......... .......... .......... ..........  8% 96.5M 1s
Dec 30 07:31:58 ip-172-31-23-94 [eb-cfn-init]:  2200K .......... .......... .......... .......... ..........  8% 70.5M 1s
Dec 30 07:31:58 ip-172-31-23-94 [eb-cfn-init]:  2250K .......... .......... .......... .......... ..........  8% 95.6M 1s
Dec 30 07:31:58 ip-172-31-23-94 [eb-cfn-init]:  2300K .......... .......... .......... .......... ..........  9% 64.4M 1s
Dec 30 07:31:58 ip-172-31-23-94 [eb-cfn-init]:  2350K .......... .......... .......... .......... ..........  9% 83.3M 1s
Dec 30 07:31:58 ip-172-31-23-94 [eb-cfn-init]:  2400K .......... .......... .......... .......... ..........  9% 68.7M 1s
Dec 30 07:31:58 ip-172-31-23-94 [eb-cfn-init]:  2450K .......... .......... .......... .......... ..........  9% 84.3M 1s
Dec 30 07:31:58 ip-172-31-23-94 [eb-cfn-init]:  2500K .......... .......... .......... .......... ..........  9% 68.4M 1s
Dec 30 07:31:58 ip-172-31-23-94 [eb-cfn-init]:  2550K .......... .......... .......... .......... ..........  9%  102M 1s
Dec 30 07:31:58 ip-172-31-23-94 [eb-cfn-init]:  2600K .......... .......... .......... .......... .......... 10% 86.4M 1s
Dec 30 07:31:58 ip-172-31-23-94 [eb-cfn-init]:  2650K .......... .......... .......... .......... .......... 10% 71.5M 1s
Dec 30 07:31:58 ip-172-31-23-94 [eb-cfn-init]:  2700K .......... .......... .......... .......... .......... 10% 79.2M 1s
Dec 30 07:31:58 ip-172-31-23-94 [eb-cfn-init]:  2750K .......... .......... .......... .......... .......... 10% 67.2M 1s
Dec 30 07:31:58 ip-172-31-23-94 [eb-cfn-init]:  2800K .......... .......... .......... .......... .......... 10% 80.8M 1s
Dec 30 07:31:58 ip-172-31-23-94 [eb-cfn-init]:  2850K .......... .......... .......... .......... .......... 11% 5.99M 1s
Dec 30 07:31:58 ip-172-31-23-94 [eb-cfn-init]:  2900K .......... .......... .......... .......... .......... 11% 91.7M 1s
Dec 30 07:31:58 ip-172-31-23-94 [eb-cfn-init]:  2950K .......... .......... .......... .......... .......... 11% 77.0M 1s
Dec 30 07:31:58 ip-172-31-23-94 [eb-cfn-init]:  3000K .......... .......... .......... .......... .......... 11% 67.8M 1s
Dec 30 07:31:58 ip-172-31-23-94 [eb-cfn-init]:  3050K .......... .......... .......... .......... .......... 11% 82.3M 1s
Dec 30 07:31:58 ip-172-31-23-94 [eb-cfn-init]:  3100K .......... .......... .......... .......... .......... 12% 61.6M 1s
Dec 30 07:31:58 ip-172-31-23-94 [eb-cfn-init]:  3150K .......... .......... .......... .......... .......... 12% 87.6M 1s
Dec 30 07:31:58 ip-172-31-23-94 [eb-cfn-init]:  3200K .......... .......... .......... .......... .......... 12% 60.2M 1s
Dec 30 07:31:58 ip-172-31-23-94 [eb-cfn-init]:  3250K .......... .......... .......... .......... .......... 12% 88.5M 1s
Dec 30 07:31:58 ip-172-31-23-94 [eb-cfn-init]:  3300K .......... .......... .......... .......... .......... 12% 60.0M 1s
Dec 30 07:31:58 ip-172-31-23-94 [eb-cfn-init]:  3350K .......... .......... .......... .......... .......... 13% 75.6M 1s
Dec 30 07:31:58 ip-172-31-23-94 [eb-cfn-init]:  3400K .......... .......... .......... .......... .......... 13% 69.9M 1s
Dec 30 07:31:58 ip-172-31-23-94 [eb-cfn-init]:  3450K .......... .......... .......... .......... .......... 13% 80.3M 1s
Dec 30 07:31:58 ip-172-31-23-94 [eb-cfn-init]:  3500K .......... .......... .......... .......... .......... 13% 36.8M 1s
Dec 30 07:31:58 ip-172-31-23-94 [eb-cfn-init]:  3550K .......... .......... .......... .......... .......... 13% 97.6M 1s
Dec 30 07:31:58 ip-172-31-23-94 [eb-cfn-init]:  3600K .......... .......... .......... .......... .......... 14% 93.7M 1s
Dec 30 07:31:58 ip-172-31-23-94 [eb-cfn-init]:  3650K .......... .......... .......... .......... .......... 14% 78.1M 1s
Dec 30 07:31:58 ip-172-31-23-94 [eb-cfn-init]:  3700K .......... .......... .......... .......... .......... 14% 99.5M 1s
Dec 30 07:31:58 ip-172-31-23-94 [eb-cfn-init]:  3750K .......... .......... .......... .......... .......... 14% 89.2M 1s
Dec 30 07:31:58 ip-172-31-23-94 [eb-cfn-init]:  3800K .......... .......... .......... .......... .......... 14% 4.77M 1s
Dec 30 07:31:58 ip-172-31-23-94 [eb-cfn-init]:  3850K .......... .......... .......... .......... .......... 14% 98.6M 1s
Dec 30 07:31:58 ip-172-31-23-94 [eb-cfn-init]:  3900K .......... .......... .......... .......... .......... 15% 98.4M 1s
Dec 30 07:31:58 ip-172-31-23-94 [eb-cfn-init]:  3950K .......... .......... .......... .......... .......... 15% 52.3M 1s
Dec 30 07:31:58 ip-172-31-23-94 [eb-cfn-init]:  4000K .......... .......... .......... .......... .......... 15% 76.5M 1s
Dec 30 07:31:58 ip-172-31-23-94 [eb-cfn-init]:  4050K .......... .......... .......... .......... .......... 15% 28.7M 1s
Dec 30 07:31:58 ip-172-31-23-94 [eb-cfn-init]:  4100K .......... .......... .......... .......... .......... 15% 99.7M 1s
Dec 30 07:31:58 ip-172-31-23-94 [eb-cfn-init]:  4150K .......... .......... .......... .......... .......... 16% 67.9M 1s
Dec 30 07:31:58 ip-172-31-23-94 [eb-cfn-init]:  4200K .......... .......... .......... .......... .......... 16% 71.9M 1s
Dec 30 07:31:58 ip-172-31-23-94 [eb-cfn-init]:  4250K .......... .......... .......... .......... .......... 16% 94.9M 1s
Dec 30 07:31:58 ip-172-31-23-94 [eb-cfn-init]:  4300K .......... .......... .......... .......... .......... 16% 69.5M 1s
Dec 30 07:31:58 ip-172-31-23-94 [eb-cfn-init]:  4350K .......... .......... .......... .......... .......... 16% 34.4M 1s
Dec 30 07:31:58 ip-172-31-23-94 [eb-cfn-init]:  4400K .......... .......... .......... .......... .......... 17% 57.4M 1s
Dec 30 07:31:59 ip-172-31-23-94 [eb-cfn-init]:  4450K .......... .......... .......... .......... .......... 17% 75.5M 1s
Dec 30 07:31:59 ip-172-31-23-94 [eb-cfn-init]:  4500K .......... .......... .......... .......... .......... 17% 59.3M 1s
Dec 30 07:31:59 ip-172-31-23-94 [eb-cfn-init]:  4550K .......... .......... .......... .......... .......... 17% 31.8M 1s
Dec 30 07:31:59 ip-172-31-23-94 [eb-cfn-init]:  4600K .......... .......... .......... .......... .......... 17% 92.0M 1s
Dec 30 07:31:59 ip-172-31-23-94 [eb-cfn-init]:  4650K .......... .......... .......... .......... .......... 18% 54.6M 1s
Dec 30 07:31:59 ip-172-31-23-94 [eb-cfn-init]:  4700K .......... .......... .......... .......... .......... 18% 37.1M 1s
Dec 30 07:31:59 ip-172-31-23-94 [eb-cfn-init]:  4750K .......... .......... .......... .......... .......... 18% 76.4M 1s
Dec 30 07:31:59 ip-172-31-23-94 [eb-cfn-init]:  4800K .......... .......... .......... .......... .......... 18% 5.86M 1s
Dec 30 07:31:59 ip-172-31-23-94 [eb-cfn-init]:  4850K .......... .......... .......... .......... .......... 18% 99.5M 1s
Dec 30 07:31:59 ip-172-31-23-94 [eb-cfn-init]:  4900K .......... .......... .......... .......... .......... 19% 86.7M 1s
Dec 30 07:31:59 ip-172-31-23-94 [eb-cfn-init]:  4950K .......... .......... .......... .......... .......... 19% 31.4M 1s
Dec 30 07:31:59 ip-172-31-23-94 [eb-cfn-init]:  5000K .......... .......... .......... .......... .......... 19% 97.7M 1s
Dec 30 07:31:59 ip-172-31-23-94 [eb-cfn-init]:  5050K .......... .......... .......... .......... .......... 19% 58.5M 1s
Dec 30 07:31:59 ip-172-31-23-94 [eb-cfn-init]:  5100K .......... .......... .......... .......... .......... 19% 41.6M 1s
Dec 30 07:31:59 ip-172-31-23-94 [eb-cfn-init]:  5150K .......... .......... .......... .......... .......... 19%  114M 1s
Dec 30 07:31:59 ip-172-31-23-94 [eb-cfn-init]:  5200K .......... .......... .......... .......... .......... 20% 74.4M 1s
Dec 30 07:31:59 ip-172-31-23-94 [eb-cfn-init]:  5250K .......... .......... .......... .......... .......... 20% 87.1M 1s
Dec 30 07:31:59 ip-172-31-23-94 [eb-cfn-init]:  5300K .......... .......... .......... .......... .......... 20% 74.4M 1s
Dec 30 07:31:59 ip-172-31-23-94 [eb-cfn-init]:  5350K .......... .......... .......... .......... .......... 20% 93.5M 1s
Dec 30 07:31:59 ip-172-31-23-94 [eb-cfn-init]:  5400K .......... .......... .......... .......... .......... 20% 98.4M 1s
Dec 30 07:31:59 ip-172-31-23-94 [eb-cfn-init]:  5450K .......... .......... .......... .......... .......... 21% 96.9M 1s
Dec 30 07:31:59 ip-172-31-23-94 [eb-cfn-init]:  5500K .......... .......... .......... .......... .......... 21% 97.7M 1s
Dec 30 07:31:59 ip-172-31-23-94 [eb-cfn-init]:  5550K .......... .......... .......... .......... .......... 21% 5.96M 1s
Dec 30 07:31:59 ip-172-31-23-94 [eb-cfn-init]:  5600K .......... .......... .......... .......... .......... 21% 95.9M 1s
Dec 30 07:31:59 ip-172-31-23-94 [eb-cfn-init]:  5650K .......... .......... .......... .......... .......... 21% 98.3M 1s
Dec 30 07:31:59 ip-172-31-23-94 [eb-cfn-init]:  5700K .......... .......... .......... .......... .......... 22% 96.5M 1s
Dec 30 07:31:59 ip-172-31-23-94 [eb-cfn-init]:  5750K .......... .......... .......... .......... .......... 22% 88.0M 1s
Dec 30 07:31:59 ip-172-31-23-94 [eb-cfn-init]:  5800K .......... .......... .......... .......... .......... 22% 95.8M 1s
Dec 30 07:31:59 ip-172-31-23-94 [eb-cfn-init]:  5850K .......... .......... .......... .......... .......... 22% 81.2M 1s
Dec 30 07:31:59 ip-172-31-23-94 [eb-cfn-init]:  5900K .......... .......... .......... .......... .......... 22% 64.4M 1s
Dec 30 07:31:59 ip-172-31-23-94 [eb-cfn-init]:  5950K .......... .......... .......... .......... .......... 23% 91.6M 1s
Dec 30 07:31:59 ip-172-31-23-94 [eb-cfn-init]:  6000K .......... .......... .......... .......... .......... 23% 90.4M 1s
Dec 30 07:31:59 ip-172-31-23-94 [eb-cfn-init]:  6050K .......... .......... .......... .......... .......... 23% 90.3M 1s
Dec 30 07:31:59 ip-172-31-23-94 [eb-cfn-init]:  6100K .......... .......... .......... .......... .......... 23% 90.6M 1s
Dec 30 07:31:59 ip-172-31-23-94 [eb-cfn-init]:  6150K .......... .......... .......... .......... .......... 23% 98.7M 1s
Dec 30 07:31:59 ip-172-31-23-94 [eb-cfn-init]:  6200K .......... .......... .......... .......... .......... 24% 96.1M 1s
Dec 30 07:31:59 ip-172-31-23-94 [eb-cfn-init]:  6250K .......... .......... .......... .......... .......... 24% 98.0M 1s
Dec 30 07:31:59 ip-172-31-23-94 [eb-cfn-init]:  6300K .......... .......... .......... .......... .......... 24% 98.3M 1s
Dec 30 07:31:59 ip-172-31-23-94 [eb-cfn-init]:  6350K .......... .......... .......... .......... .......... 24% 94.0M 1s
Dec 30 07:31:59 ip-172-31-23-94 [eb-cfn-init]:  6400K .......... .......... .......... .......... .......... 24%  111M 1s
Dec 30 07:31:59 ip-172-31-23-94 [eb-cfn-init]:  6450K .......... .......... .......... .......... .......... 24% 98.2M 1s
Dec 30 07:31:59 ip-172-31-23-94 [eb-cfn-init]:  6500K .......... .......... .......... .......... .......... 25% 91.7M 1s
Dec 30 07:31:59 ip-172-31-23-94 [eb-cfn-init]:  6550K .......... .......... .......... .......... .......... 25% 92.0M 1s
Dec 30 07:31:59 ip-172-31-23-94 [eb-cfn-init]:  6600K .......... .......... .......... .......... .......... 25% 96.9M 1s
Dec 30 07:31:59 ip-172-31-23-94 [eb-cfn-init]:  6650K .......... .......... .......... .......... .......... 25% 70.4M 1s
Dec 30 07:31:59 ip-172-31-23-94 [eb-cfn-init]:  6700K .......... .......... .......... .......... .......... 25% 69.0M 1s
Dec 30 07:31:59 ip-172-31-23-94 [eb-cfn-init]:  6750K .......... .......... .......... .......... .......... 26% 94.9M 1s
Dec 30 07:31:59 ip-172-31-23-94 [eb-cfn-init]:  6800K .......... .......... .......... .......... .......... 26% 5.61M 1s
Dec 30 07:31:59 ip-172-31-23-94 [eb-cfn-init]:  6850K .......... .......... .......... .......... .......... 26%  107M 1s
Dec 30 07:31:59 ip-172-31-23-94 [eb-cfn-init]:  6900K .......... .......... .......... .......... .......... 26% 97.7M 1s
Dec 30 07:31:59 ip-172-31-23-94 [eb-cfn-init]:  6950K .......... .......... .......... .......... .......... 26% 95.7M 1s
Dec 30 07:31:59 ip-172-31-23-94 [eb-cfn-init]:  7000K .......... .......... .......... .......... .......... 27% 93.9M 1s
Dec 30 07:31:59 ip-172-31-23-94 [eb-cfn-init]:  7050K .......... .......... .......... .......... .......... 27% 96.6M 1s
Dec 30 07:31:59 ip-172-31-23-94 [eb-cfn-init]:  7100K .......... .......... .......... .......... .......... 27% 97.8M 1s
Dec 30 07:31:59 ip-172-31-23-94 [eb-cfn-init]:  7150K .......... .......... .......... .......... .......... 27% 97.7M 1s
Dec 30 07:31:59 ip-172-31-23-94 [eb-cfn-init]:  7200K .......... .......... .......... .......... .......... 27% 94.6M 1s
Dec 30 07:31:59 ip-172-31-23-94 [eb-cfn-init]:  7250K .......... .......... .......... .......... .......... 28%  103M 1s
Dec 30 07:31:59 ip-172-31-23-94 [eb-cfn-init]:  7300K .......... .......... .......... .......... .......... 28% 95.7M 1s
Dec 30 07:31:59 ip-172-31-23-94 [eb-cfn-init]:  7350K .......... .......... .......... .......... .......... 28% 93.9M 1s
Dec 30 07:31:59 ip-172-31-23-94 [eb-cfn-init]:  7400K .......... .......... .......... .......... .......... 28% 87.9M 1s
Dec 30 07:31:59 ip-172-31-23-94 [eb-cfn-init]:  7450K .......... .......... .......... .......... .......... 28% 60.3M 1s
Dec 30 07:31:59 ip-172-31-23-94 [eb-cfn-init]:  7500K .......... .......... .......... .......... .......... 28% 28.3M 1s
Dec 30 07:31:59 ip-172-31-23-94 [eb-cfn-init]:  7550K .......... .......... .......... .......... .......... 29% 99.7M 1s
Dec 30 07:31:59 ip-172-31-23-94 [eb-cfn-init]:  7600K .......... .......... .......... .......... .......... 29% 77.8M 1s
Dec 30 07:31:59 ip-172-31-23-94 [eb-cfn-init]:  7650K .......... .......... .......... .......... .......... 29%  105M 1s
Dec 30 07:31:59 ip-172-31-23-94 [eb-cfn-init]:  7700K .......... .......... .......... .......... .......... 29%  102M 1s
Dec 30 07:31:59 ip-172-31-23-94 [eb-cfn-init]:  7750K .......... .......... .......... .......... .......... 29% 68.2M 1s
Dec 30 07:31:59 ip-172-31-23-94 [eb-cfn-init]:  7800K .......... .......... .......... .......... .......... 30% 87.7M 1s
Dec 30 07:31:59 ip-172-31-23-94 [eb-cfn-init]:  7850K .......... .......... .......... .......... .......... 30% 63.1M 1s
Dec 30 07:31:59 ip-172-31-23-94 [eb-cfn-init]:  7900K .......... .......... .......... .......... .......... 30% 28.0M 1s
Dec 30 07:31:59 ip-172-31-23-94 [eb-cfn-init]:  7950K .......... .......... .......... .......... .......... 30% 4.42M 1s
Dec 30 07:31:59 ip-172-31-23-94 [eb-cfn-init]:  8000K .......... .......... .......... .......... .......... 30% 91.4M 1s
Dec 30 07:31:59 ip-172-31-23-94 [eb-cfn-init]:  8050K .......... .......... .......... .......... .......... 31% 78.6M 1s
Dec 30 07:31:59 ip-172-31-23-94 [eb-cfn-init]:  8100K .......... .......... .......... .......... .......... 31% 30.8M 1s
Dec 30 07:31:59 ip-172-31-23-94 [eb-cfn-init]:  8150K .......... .......... .......... .......... .......... 31% 93.7M 1s
Dec 30 07:31:59 ip-172-31-23-94 [eb-cfn-init]:  8200K .......... .......... .......... .......... .......... 31% 78.3M 1s
Dec 30 07:31:59 ip-172-31-23-94 [eb-cfn-init]:  8250K .......... .......... .......... .......... .......... 31% 34.4M 1s
Dec 30 07:31:59 ip-172-31-23-94 [eb-cfn-init]:  8300K .......... .......... .......... .......... .......... 32% 98.4M 1s
Dec 30 07:31:59 ip-172-31-23-94 [eb-cfn-init]:  8350K .......... .......... .......... .......... .......... 32% 94.1M 1s
Dec 30 07:31:59 ip-172-31-23-94 [eb-cfn-init]:  8400K .......... .......... .......... .......... .......... 32% 93.2M 1s
Dec 30 07:32:00 ip-172-31-23-94 [eb-cfn-init]:  8450K .......... .......... .......... .......... .......... 32% 95.4M 1s
Dec 30 07:32:00 ip-172-31-23-94 [eb-cfn-init]:  8500K .......... .......... .......... .......... .......... 32%  101M 1s
Dec 30 07:32:00 ip-172-31-23-94 [eb-cfn-init]:  8550K .......... .......... .......... .......... .......... 33%  113M 0s
Dec 30 07:32:00 ip-172-31-23-94 [eb-cfn-init]:  8600K .......... .......... .......... .......... .......... 33% 97.0M 0s
Dec 30 07:32:00 ip-172-31-23-94 [eb-cfn-init]:  8650K .......... .......... .......... .......... .......... 33% 96.5M 0s
Dec 30 07:32:00 ip-172-31-23-94 [eb-cfn-init]:  8700K .......... .......... .......... .......... .......... 33% 98.7M 0s
Dec 30 07:32:00 ip-172-31-23-94 [eb-cfn-init]:  8750K .......... .......... .......... .......... .......... 33% 97.7M 0s
Dec 30 07:32:00 ip-172-31-23-94 [eb-cfn-init]:  8800K .......... .......... .......... .......... .......... 33% 94.5M 0s
Dec 30 07:32:00 ip-172-31-23-94 [eb-cfn-init]:  8850K .......... .......... .......... .......... .......... 34% 97.9M 0s
Dec 30 07:32:00 ip-172-31-23-94 [eb-cfn-init]:  8900K .......... .......... .......... .......... .......... 34% 95.9M 0s
Dec 30 07:32:00 ip-172-31-23-94 [eb-cfn-init]:  8950K .......... .......... .......... .......... .......... 34%  112M 0s
Dec 30 07:32:00 ip-172-31-23-94 [eb-cfn-init]:  9000K .......... .......... .......... .......... .......... 34% 98.3M 0s
Dec 30 07:32:00 ip-172-31-23-94 [eb-cfn-init]:  9050K .......... .......... .......... .......... .......... 34% 93.8M 0s
Dec 30 07:32:00 ip-172-31-23-94 [eb-cfn-init]:  9100K .......... .......... .......... .......... .......... 35% 97.5M 0s
Dec 30 07:32:00 ip-172-31-23-94 [eb-cfn-init]:  9150K .......... .......... .......... .......... .......... 35% 95.9M 0s
Dec 30 07:32:00 ip-172-31-23-94 [eb-cfn-init]:  9200K .......... .......... .......... .......... .......... 35% 5.73M 0s
Dec 30 07:32:00 ip-172-31-23-94 [eb-cfn-init]:  9250K .......... .......... .......... .......... .......... 35% 96.5M 0s
Dec 30 07:32:00 ip-172-31-23-94 [eb-cfn-init]:  9300K .......... .......... .......... .......... .......... 35% 96.7M 0s
Dec 30 07:32:00 ip-172-31-23-94 [eb-cfn-init]:  9350K .......... .......... .......... .......... .......... 36%  105M 0s
Dec 30 07:32:00 ip-172-31-23-94 [eb-cfn-init]:  9400K .......... .......... .......... .......... .......... 36%  110M 0s
Dec 30 07:32:00 ip-172-31-23-94 [eb-cfn-init]:  9450K .......... .......... .......... .......... .......... 36% 97.7M 0s
Dec 30 07:32:00 ip-172-31-23-94 [eb-cfn-init]:  9500K .......... .......... .......... .......... .......... 36% 98.4M 0s
Dec 30 07:32:00 ip-172-31-23-94 [eb-cfn-init]:  9550K .......... .......... .......... .......... .......... 36% 97.2M 0s
Dec 30 07:32:00 ip-172-31-23-94 [eb-cfn-init]:  9600K .......... .......... .......... .......... .......... 37% 91.6M 0s
Dec 30 07:32:00 ip-172-31-23-94 [eb-cfn-init]:  9650K .......... .......... .......... .......... .......... 37% 94.6M 0s
Dec 30 07:32:00 ip-172-31-23-94 [eb-cfn-init]:  9700K .......... .......... .......... .......... .......... 37% 95.2M 0s
Dec 30 07:32:00 ip-172-31-23-94 [eb-cfn-init]:  9750K .......... .......... .......... .......... .......... 37% 99.0M 0s
Dec 30 07:32:00 ip-172-31-23-94 [eb-cfn-init]:  9800K .......... .......... .......... .......... .......... 37%  112M 0s
Dec 30 07:32:00 ip-172-31-23-94 [eb-cfn-init]:  9850K .......... .......... .......... .......... .......... 38% 95.7M 0s
Dec 30 07:32:00 ip-172-31-23-94 [eb-cfn-init]:  9900K .......... .......... .......... .......... .......... 38% 97.9M 0s
Dec 30 07:32:00 ip-172-31-23-94 [eb-cfn-init]:  9950K .......... .......... .......... .......... .......... 38% 98.0M 0s
Dec 30 07:32:00 ip-172-31-23-94 [eb-cfn-init]: 10000K .......... .......... .......... .......... .......... 38% 90.8M 0s
Dec 30 07:32:00 ip-172-31-23-94 [eb-cfn-init]: 10050K .......... .......... .......... .......... .......... 38% 95.1M 0s
Dec 30 07:32:00 ip-172-31-23-94 [eb-cfn-init]: 10100K .......... .......... .......... .......... .......... 38% 98.1M 0s
Dec 30 07:32:00 ip-172-31-23-94 [eb-cfn-init]: 10150K .......... .......... .......... .......... .......... 39% 96.3M 0s
Dec 30 07:32:00 ip-172-31-23-94 [eb-cfn-init]: 10200K .......... .......... .......... .......... .......... 39%  103M 0s
Dec 30 07:32:00 ip-172-31-23-94 [eb-cfn-init]: 10250K .......... .......... .......... .......... .......... 39%  112M 0s
Dec 30 07:32:00 ip-172-31-23-94 [eb-cfn-init]: 10300K .......... .......... .......... .......... .......... 39% 95.4M 0s
Dec 30 07:32:00 ip-172-31-23-94 [eb-cfn-init]: 10350K .......... .......... .......... .......... .......... 39% 97.6M 0s
Dec 30 07:32:00 ip-172-31-23-94 dhclient[2747]: XMT: Solicit on eth0, interval 8480ms.
Dec 30 07:32:00 ip-172-31-23-94 [eb-cfn-init]: 10400K .......... .......... .......... .......... .......... 40% 92.7M 0s
Dec 30 07:32:00 ip-172-31-23-94 [eb-cfn-init]: 10450K .......... .......... .......... .......... .......... 40% 96.0M 0s
Dec 30 07:32:00 ip-172-31-23-94 [eb-cfn-init]: 10500K .......... .......... .......... .......... .......... 40% 96.9M 0s
Dec 30 07:32:00 ip-172-31-23-94 [eb-cfn-init]: 10550K .......... .......... .......... .......... .......... 40% 96.2M 0s
Dec 30 07:32:00 ip-172-31-23-94 [eb-cfn-init]: 10600K .......... .......... .......... .......... .......... 40% 97.5M 0s
Dec 30 07:32:00 ip-172-31-23-94 [eb-cfn-init]: 10650K .......... .......... .......... .......... .......... 41% 6.09M 0s
Dec 30 07:32:00 ip-172-31-23-94 [eb-cfn-init]: 10700K .......... .......... .......... .......... .......... 41% 95.4M 0s
Dec 30 07:32:00 ip-172-31-23-94 [eb-cfn-init]: 10750K .......... .......... .......... .......... .......... 41% 97.3M 0s
Dec 30 07:32:00 ip-172-31-23-94 [eb-cfn-init]: 10800K .......... .......... .......... .......... .......... 41% 96.7M 0s
Dec 30 07:32:00 ip-172-31-23-94 [eb-cfn-init]: 10850K .......... .......... .......... .......... .......... 41% 90.6M 0s
Dec 30 07:32:00 ip-172-31-23-94 [eb-cfn-init]: 10900K .......... .......... .......... .......... .......... 42% 97.4M 0s
Dec 30 07:32:00 ip-172-31-23-94 [eb-cfn-init]: 10950K .......... .......... .......... .......... .......... 42% 95.4M 0s
Dec 30 07:32:00 ip-172-31-23-94 [eb-cfn-init]: 11000K .......... .......... .......... .......... .......... 42% 97.3M 0s
Dec 30 07:32:00 ip-172-31-23-94 [eb-cfn-init]: 11050K .......... .......... .......... .......... .......... 42%  101M 0s
Dec 30 07:32:00 ip-172-31-23-94 [eb-cfn-init]: 11100K .......... .......... .......... .......... .......... 42%  108M 0s
Dec 30 07:32:00 ip-172-31-23-94 [eb-cfn-init]: 11150K .......... .......... .......... .......... .......... 43% 97.4M 0s
Dec 30 07:32:00 ip-172-31-23-94 [eb-cfn-init]: 11200K .......... .......... .......... .......... .......... 43% 96.2M 0s
Dec 30 07:32:00 ip-172-31-23-94 [eb-cfn-init]: 11250K .......... .......... .......... .......... .......... 43% 90.2M 0s
Dec 30 07:32:00 ip-172-31-23-94 [eb-cfn-init]: 11300K .......... .......... .......... .......... .......... 43% 96.9M 0s
Dec 30 07:32:00 ip-172-31-23-94 [eb-cfn-init]: 11350K .......... .......... .......... .......... .......... 43% 97.5M 0s
Dec 30 07:32:00 ip-172-31-23-94 [eb-cfn-init]: 11400K .......... .......... .......... .......... .......... 43% 95.6M 0s
Dec 30 07:32:00 ip-172-31-23-94 [eb-cfn-init]: 11450K .......... .......... .......... .......... .......... 44% 97.5M 0s
Dec 30 07:32:00 ip-172-31-23-94 [eb-cfn-init]: 11500K .......... .......... .......... .......... .......... 44%  108M 0s
Dec 30 07:32:00 ip-172-31-23-94 [eb-cfn-init]: 11550K .......... .......... .......... .......... .......... 44% 95.1M 0s
Dec 30 07:32:00 ip-172-31-23-94 [eb-cfn-init]: 11600K .......... .......... .......... .......... .......... 44% 97.5M 0s
Dec 30 07:32:00 ip-172-31-23-94 [eb-cfn-init]: 11650K .......... .......... .......... .......... .......... 44% 93.2M 0s
Dec 30 07:32:00 ip-172-31-23-94 [eb-cfn-init]: 11700K .......... .......... .......... .......... .......... 45% 94.9M 0s
Dec 30 07:32:00 ip-172-31-23-94 [eb-cfn-init]: 11750K .......... .......... .......... .......... .......... 45% 97.6M 0s
Dec 30 07:32:00 ip-172-31-23-94 [eb-cfn-init]: 11800K .......... .......... .......... .......... .......... 45% 96.9M 0s
Dec 30 07:32:00 ip-172-31-23-94 [eb-cfn-init]: 11850K .......... .......... .......... .......... .......... 45% 96.0M 0s
Dec 30 07:32:00 ip-172-31-23-94 [eb-cfn-init]: 11900K .......... .......... .......... .......... .......... 45%  103M 0s
Dec 30 07:32:00 ip-172-31-23-94 [eb-cfn-init]: 11950K .......... .......... .......... .......... .......... 46% 6.20M 0s
Dec 30 07:32:00 ip-172-31-23-94 [eb-cfn-init]: 12000K .......... .......... .......... .......... .......... 46% 97.1M 0s
Dec 30 07:32:00 ip-172-31-23-94 [eb-cfn-init]: 12050K .......... .......... .......... .......... .......... 46% 97.7M 0s
Dec 30 07:32:00 ip-172-31-23-94 [eb-cfn-init]: 12100K .......... .......... .......... .......... .......... 46% 91.6M 0s
Dec 30 07:32:00 ip-172-31-23-94 [eb-cfn-init]: 12150K .......... .......... .......... .......... .......... 46% 97.4M 0s
Dec 30 07:32:01 ip-172-31-23-94 [eb-cfn-init]: 12200K .......... .......... .......... .......... .......... 47% 99.8M 0s
Dec 30 07:32:01 ip-172-31-23-94 [eb-cfn-init]: 12250K .......... .......... .......... .......... .......... 47% 96.2M 0s
Dec 30 07:32:01 ip-172-31-23-94 [eb-cfn-init]: 12300K .......... .......... .......... .......... .......... 47% 98.9M 0s
Dec 30 07:32:01 ip-172-31-23-94 [eb-cfn-init]: 12350K .......... .......... .......... .......... .......... 47%  112M 0s
Dec 30 07:32:01 ip-172-31-23-94 [eb-cfn-init]: 12400K .......... .......... .......... .......... .......... 47% 94.4M 0s
Dec 30 07:32:01 ip-172-31-23-94 [eb-cfn-init]: 12450K .......... .......... .......... .......... .......... 48% 98.7M 0s
Dec 30 07:32:01 ip-172-31-23-94 [eb-cfn-init]: 12500K .......... .......... .......... .......... .......... 48% 92.2M 0s
Dec 30 07:32:01 ip-172-31-23-94 [eb-cfn-init]: 12550K .......... .......... .......... .......... .......... 48% 94.5M 0s
Dec 30 07:32:01 ip-172-31-23-94 [eb-cfn-init]: 12600K .......... .......... .......... .......... .......... 48% 98.2M 0s
Dec 30 07:32:01 ip-172-31-23-94 [eb-cfn-init]: 12650K .......... .......... .......... .......... .......... 48% 97.3M 0s
Dec 30 07:32:01 ip-172-31-23-94 [eb-cfn-init]: 12700K .......... .......... .......... .......... .......... 48% 95.4M 0s
Dec 30 07:32:01 ip-172-31-23-94 [eb-cfn-init]: 12750K .......... .......... .......... .......... .......... 49%  103M 0s
Dec 30 07:32:01 ip-172-31-23-94 [eb-cfn-init]: 12800K .......... .......... .......... .......... .......... 49%  108M 0s
Dec 30 07:32:01 ip-172-31-23-94 [eb-cfn-init]: 12850K .......... .......... .......... .......... .......... 49%  309K 0s
Dec 30 07:32:01 ip-172-31-23-94 [eb-cfn-init]: 12900K .......... .......... .......... .......... .......... 49%  875K 1s
Dec 30 07:32:01 ip-172-31-23-94 [eb-cfn-init]: 12950K .......... .......... .......... .......... .......... 49% 9.27M 1s
Dec 30 07:32:01 ip-172-31-23-94 [eb-cfn-init]: 13000K .......... .......... .......... .......... .......... 50% 7.43M 1s
Dec 30 07:32:01 ip-172-31-23-94 [eb-cfn-init]: 13050K .......... .......... .......... .......... .......... 50% 53.0M 1s
Dec 30 07:32:01 ip-172-31-23-94 [eb-cfn-init]: 13100K .......... .......... .......... .......... .......... 50% 56.3M 1s
Dec 30 07:32:01 ip-172-31-23-94 [eb-cfn-init]: 13150K .......... .......... .......... .......... .......... 50% 61.5M 1s
Dec 30 07:32:01 ip-172-31-23-94 [eb-cfn-init]: 13200K .......... .......... .......... .......... .......... 50% 28.1M 1s
Dec 30 07:32:01 ip-172-31-23-94 [eb-cfn-init]: 13250K .......... .......... .......... .......... .......... 51% 62.8M 1s
Dec 30 07:32:01 ip-172-31-23-94 [eb-cfn-init]: 13300K .......... .......... .......... .......... .......... 51% 57.7M 1s
Dec 30 07:32:01 ip-172-31-23-94 [eb-cfn-init]: 13350K .......... .......... .......... .......... .......... 51% 52.4M 1s
Dec 30 07:32:01 ip-172-31-23-94 [eb-cfn-init]: 13400K .......... .......... .......... .......... .......... 51% 31.0M 1s
Dec 30 07:32:01 ip-172-31-23-94 [eb-cfn-init]: 13450K .......... .......... .......... .......... .......... 51% 89.0M 1s
Dec 30 07:32:01 ip-172-31-23-94 [eb-cfn-init]: 13500K .......... .......... .......... .......... .......... 52% 8.23M 1s
Dec 30 07:32:01 ip-172-31-23-94 [eb-cfn-init]: 13550K .......... .......... .......... .......... .......... 52%  104M 1s
Dec 30 07:32:01 ip-172-31-23-94 [eb-cfn-init]: 13600K .......... .......... .......... .......... .......... 52% 84.5M 1s
Dec 30 07:32:01 ip-172-31-23-94 [eb-cfn-init]: 13650K .......... .......... .......... .......... .......... 52% 70.1M 1s
Dec 30 07:32:01 ip-172-31-23-94 [eb-cfn-init]: 13700K .......... .......... .......... .......... .......... 52% 94.0M 0s
